<html>
<body>
<pre>
<h1>µVision Build Log</h1>
<h2>Project:</h2>
C:\DATA\Dropbox\STmdiscovery\Boards\ST\STM32F4-Discovery\Blinky\Blinky.uvprojx
Project File Date:  01/03/2014

<h2>Output:</h2>
Rebuild target 'STM32F407 Flash'
compiling Blinky.c...
compiling Keyboard.c...
compiling LED.c...
compiling system_stm32f4xx.c...
assembling startup_stm32f40_41xxx.s...
compiling GPIO_STM32F4xx.c...
linking...
Program Size: Code=1788 RO-data=456 RW-data=24 ZI-data=1024  
".\Flash\Blinky.axf" - 0 Error(s), 0 Warning(s).

<h2>Software Packages used:</h2>

Package Vendor: ARM
                http://www.keil.com/pack/ARM.CMSIS.3.20.4.pack
                ARM::CMSIS:CORE:3.20.0
                Cortex Microcontroller Software Interface Standard (CMSIS) CORE, DSP, RTOS, Driver
   * Component: CORE Version: 3.20.0

Package Vendor: Keil
                http://www.keil.com/pack/Keil.STM32F4xx_DFP.1.0.6.pack
                Keil::Device:Startup:1.3.0
                STMicroelectronics STM32F4 Series Device Support, Drivers and Examples
   * Component: Startup Version: 1.3.0
   * Component: GPIO Version: 1.0.0
   * Component: LED Version: 1.0.0
   * Component: Keyboard Version: 1.0.0

<h2>Collection of Component include folders:</h2>
  C:\DATA\Dropbox\STmdiscovery\Boards\ST\STM32F4-Discovery\Blinky\RTE
  C:\DATA\Dropbox\STmdiscovery\Boards\ST\STM32F4-Discovery\Blinky\RTE\Device\STM32F407VG
  C:\Keil_v5\ARM\PACK\ARM\CMSIS\3.20.4\CMSIS\Include
  C:\Keil_v5\ARM\PACK\Keil\STM32F4xx_DFP\1.0.6\Boards\ST\STM32F4-Discovery\Common
  C:\Keil_v5\ARM\PACK\Keil\STM32F4xx_DFP\1.0.6\Device\Include
  C:\Keil_v5\ARM\PACK\Keil\STM32F4xx_DFP\1.0.6\RTE_Driver

<h2>Collection of Component Files used:</h2>

   * Component: ARM::CMSIS:CORE:3.20.0

   * Component: Keil::Device:Startup:1.3.0
      Source file:   Device\Source\ARM\STM32F40xxx_41xxx_OPT.s
      Source file:   Device\Source\ARM\STM32F4xx_OTP.s
      Include file:  Device\Include\stm32f4xx.h
      Source file:   Device\Source\ARM\startup_stm32f40_41xxx.s
      Source file:   Device\Source\system_stm32f4xx.c
      Include file:  RTE_Driver\Config\RTE_Device.h

   * Component: Keil::Device:GPIO:1.0.0
      Include file:  RTE_Driver\GPIO_STM32F4xx.h
      Source file:   RTE_Driver\GPIO_STM32F4xx.c

   * Component: Keil.STM32F4-Discovery::Board Support:STM32F4-Discovery:LED:1.0.0
      Include file:  Boards\ST\STM32F4-Discovery\Common\LED.h
      Source file:   Boards\ST\STM32F4-Discovery\Common\LED.c

   * Component: Keil.STM32F4-Discovery::Board Support:STM32F4-Discovery:Keyboard:1.0.0
      Include file:  Boards\ST\STM32F4-Discovery\Common\Keyboard.h
      Source file:   Boards\ST\STM32F4-Discovery\Common\Keyboard.c
</pre>
</body>
</html>
