Product: MDK-ARM Lite 5.10
Component: ARM Compiler 5.04 update 1 (build 49)
Tool: armlink [5040049]

==============================================================================

Section Cross References

    blinky.o(.text) refers to led.o(.text) for LED_On
    blinky.o(.text) refers to rt_cmsis.o(i.osSignalSet) for osSignalSet
    blinky.o(.text) refers to rt_cmsis.o(i.osDelay) for osDelay
    blinky.o(.text) refers to rt_cmsis.o(i.osSignalWait) for osSignalWait
    blinky.o(.text) refers to system_stm32f4xx.o(.text) for SystemCoreClockUpdate
    blinky.o(.text) refers to rt_cmsis.o(i.osThreadCreate) for osThreadCreate
    blinky.o(.text) refers to blinky.o(.data) for tid_ledOff
    blinky.o(.text) refers to blinky.o(.constdata) for os_thread_def_ledOn
    blinky.o(.constdata) refers to blinky.o(.text) for ledOn
    keyboard.o(.text) refers to gpio_stm32f4xx.o(.text) for GPIO_PortClock
    led.o(.text) refers to gpio_stm32f4xx.o(.text) for GPIO_PortClock
    led.o(.text) refers to led.o(.constdata) for Pin_LED
    rtx_conf_cm.o(.ARM.Collect$$$$000000FF) refers to rt_cmsis.o(i.osKernelInitialize) for osKernelInitialize
    rtx_conf_cm.o(.ARM.Collect$$$$000000FF) refers to rt_cmsis.o(i.osThreadCreate) for osThreadCreate
    rtx_conf_cm.o(.ARM.Collect$$$$000000FF) refers to rt_cmsis.o(i.osKernelStart) for osKernelStart
    rtx_conf_cm.o(.ARM.Collect$$$$000000FF) refers to rtx_conf_cm.o(.data) for .data
    rtx_conf_cm.o(.constdata) refers to rt_cmsis.o(i.osTimerThread) for osTimerThread
    rtx_conf_cm.o(.constdata) refers to rtx_conf_cm.o(.bss) for os_messageQ_q_osTimerMessageQ
    rtx_conf_cm.o(.data) refers to blinky.o(.text) for main
    system_stm32f4xx.o(.text) refers to system_stm32f4xx.o(.data) for SystemCoreClock
    startup_stm32f40_41xxx.o(RESET) refers to startup_stm32f40_41xxx.o(STACK) for __initial_sp
    startup_stm32f40_41xxx.o(RESET) refers to startup_stm32f40_41xxx.o(.text) for Reset_Handler
    startup_stm32f40_41xxx.o(RESET) refers to hal_cm4.o(.emb_text) for SVC_Handler
    startup_stm32f40_41xxx.o(.text) refers to system_stm32f4xx.o(.text) for SystemInit
    startup_stm32f40_41xxx.o(.text) refers to entry.o(.ARM.Collect$$$$00000000) for __main
    rt_cmsis.o(i.isrMessagePut) refers to rt_mailbox.o(i.rt_mbx_check) for rt_mbx_check
    rt_cmsis.o(i.isrMessagePut) refers to rt_mailbox.o(i.isr_mbx_send) for isr_mbx_send
    rt_cmsis.o(i.osDelay) refers to rt_cmsis.o(i.svcDelay) for svcDelay
    rt_cmsis.o(i.osKernelInitialize) refers to rt_cmsis.o(i.svcKernelInitialize) for svcKernelInitialize
    rt_cmsis.o(i.osKernelRunning) refers to rt_cmsis.o(i.svcKernelRunning) for svcKernelRunning
    rt_cmsis.o(i.osKernelRunning) refers to rt_cmsis.o(.data) for .data
    rt_cmsis.o(i.osKernelStart) refers to rtx_conf_cm.o(.constdata) for os_flags
    rt_cmsis.o(i.osKernelStart) refers to rt_cmsis.o(i.svcKernelStart) for svcKernelStart
    rt_cmsis.o(i.osKernelSysTick) refers to rt_cmsis.o(i.svcKernelSysTick) for svcKernelSysTick
    rt_cmsis.o(i.osMailAlloc) refers to rt_cmsis.o(i.sysMailAlloc) for sysMailAlloc
    rt_cmsis.o(i.osMailCAlloc) refers to rt_cmsis.o(i.sysMailAlloc) for sysMailAlloc
    rt_cmsis.o(i.osMailCreate) refers to rt_cmsis.o(i.svcMailCreate) for svcMailCreate
    rt_cmsis.o(i.osMailCreate) refers to rt_cmsis.o(.data) for .data
    rt_cmsis.o(i.osMailFree) refers to rt_cmsis.o(i.sysMailFree) for sysMailFree
    rt_cmsis.o(i.osMailGet) refers to rt_cmsis.o(i.osMessageGet) for osMessageGet
    rt_cmsis.o(i.osMailPut) refers to rt_cmsis.o(i.osMessagePut) for osMessagePut
    rt_cmsis.o(i.osMessageCreate) refers to rt_cmsis.o(i.svcMessageCreate) for svcMessageCreate
    rt_cmsis.o(i.osMessageCreate) refers to rt_cmsis.o(.data) for .data
    rt_cmsis.o(i.osMessageGet) refers to rt_mailbox.o(i.isr_mbx_receive) for isr_mbx_receive
    rt_cmsis.o(i.osMessageGet) refers to rt_cmsis.o(i.svcMessageGet) for svcMessageGet
    rt_cmsis.o(i.osMessagePut) refers to rt_cmsis.o(i.isrMessagePut) for isrMessagePut
    rt_cmsis.o(i.osMessagePut) refers to rt_cmsis.o(i.svcMessagePut) for svcMessagePut
    rt_cmsis.o(i.osMutexCreate) refers to rt_cmsis.o(i.svcMutexCreate) for svcMutexCreate
    rt_cmsis.o(i.osMutexCreate) refers to rt_cmsis.o(.data) for .data
    rt_cmsis.o(i.osMutexDelete) refers to rt_cmsis.o(i.svcMutexDelete) for svcMutexDelete
    rt_cmsis.o(i.osMutexRelease) refers to rt_cmsis.o(i.svcMutexRelease) for svcMutexRelease
    rt_cmsis.o(i.osMutexWait) refers to rt_cmsis.o(i.svcMutexWait) for svcMutexWait
    rt_cmsis.o(i.osPoolAlloc) refers to rt_cmsis.o(i.sysPoolAlloc) for sysPoolAlloc
    rt_cmsis.o(i.osPoolCAlloc) refers to rt_cmsis.o(i.sysPoolAlloc) for sysPoolAlloc
    rt_cmsis.o(i.osPoolCreate) refers to rt_cmsis.o(i.svcPoolCreate) for svcPoolCreate
    rt_cmsis.o(i.osPoolCreate) refers to rt_cmsis.o(.data) for .data
    rt_cmsis.o(i.osPoolFree) refers to rt_cmsis.o(i.sysPoolFree) for sysPoolFree
[...]
    rt_cmsis.o(i.svcKernelStart) refers to rt_task.o(.data) for os_tsk
    rt_cmsis.o(i.svcKernelSysTick) refers to rt_system.o(i.os_tick_val) for os_tick_val
    rt_cmsis.o(i.svcKernelSysTick) refers to rt_system.o(i.os_tick_ovf) for os_tick_ovf
    rt_cmsis.o(i.svcKernelSysTick) refers to rtx_conf_cm.o(.constdata) for os_trv
    rt_cmsis.o(i.svcKernelSysTick) refers to rt_time.o(.data) for os_time
    rt_cmsis.o(i.svcMailCreate) refers to rt_membox.o(i._init_box) for _init_box
    rt_cmsis.o(i.svcMailCreate) refers to rt_mailbox.o(i.rt_mbx_init) for rt_mbx_init
    rt_cmsis.o(i.svcMessageCreate) refers to rt_mailbox.o(i.rt_mbx_init) for rt_mbx_init
    rt_cmsis.o(i.svcMessageGet) refers to rt_cmsis.o(i.rt_ms2tick) for rt_ms2tick
    rt_cmsis.o(i.svcMessageGet) refers to rt_mailbox.o(i.rt_mbx_wait) for rt_mbx_wait
    rt_cmsis.o(i.svcMessagePut) refers to rt_cmsis.o(i.rt_ms2tick) for rt_ms2tick
    rt_cmsis.o(i.svcMessagePut) refers to rt_mailbox.o(i.rt_mbx_send) for rt_mbx_send
    rt_cmsis.o(i.svcMutexCreate) refers to rt_mutex.o(i.rt_mut_init) for rt_mut_init
    rt_cmsis.o(i.svcMutexDelete) refers to rt_cmsis.o(i.rt_id2obj) for rt_id2obj
    rt_cmsis.o(i.svcMutexDelete) refers to rt_mutex.o(i.rt_mut_delete) for rt_mut_delete
    rt_cmsis.o(i.svcMutexRelease) refers to rt_cmsis.o(i.rt_id2obj) for rt_id2obj
    rt_cmsis.o(i.svcMutexRelease) refers to rt_mutex.o(i.rt_mut_release) for rt_mut_release
    rt_cmsis.o(i.svcMutexWait) refers to rt_cmsis.o(i.rt_id2obj) for rt_id2obj
    rt_cmsis.o(i.svcMutexWait) refers to rt_cmsis.o(i.rt_ms2tick) for rt_ms2tick
    rt_cmsis.o(i.svcMutexWait) refers to rt_mutex.o(i.rt_mut_wait) for rt_mut_wait
    rt_cmsis.o(i.svcPoolCreate) refers to rt_membox.o(i._init_box) for _init_box
    rt_cmsis.o(i.svcSemaphoreCreate) refers to rt_semaphore.o(i.rt_sem_init) for rt_sem_init
    rt_cmsis.o(i.svcSemaphoreDelete) refers to rt_cmsis.o(i.rt_id2obj) for rt_id2obj
    rt_cmsis.o(i.svcSemaphoreDelete) refers to rt_semaphore.o(i.rt_sem_delete) for rt_sem_delete
    rt_cmsis.o(i.svcSemaphoreRelease) refers to rt_cmsis.o(i.rt_id2obj) for rt_id2obj
    rt_cmsis.o(i.svcSemaphoreRelease) refers to rt_semaphore.o(i.rt_sem_send) for rt_sem_send
    rt_cmsis.o(i.svcSemaphoreWait) refers to rt_cmsis.o(i.rt_id2obj) for rt_id2obj
    rt_cmsis.o(i.svcSemaphoreWait) refers to rt_cmsis.o(i.rt_ms2tick) for rt_ms2tick
    rt_cmsis.o(i.svcSemaphoreWait) refers to rt_semaphore.o(i.rt_sem_wait) for rt_sem_wait
    rt_cmsis.o(i.svcSignalClear) refers to rt_cmsis.o(i.rt_tid2ptcb) for rt_tid2ptcb
    rt_cmsis.o(i.svcSignalClear) refers to rt_event.o(i.rt_evt_clr) for rt_evt_clr
    rt_cmsis.o(i.svcSignalSet) refers to rt_cmsis.o(i.rt_tid2ptcb) for rt_tid2ptcb
    rt_cmsis.o(i.svcSignalSet) refers to rt_event.o(i.rt_evt_set) for rt_evt_set
    rt_cmsis.o(i.svcSignalWait) refers to rt_cmsis.o(i.rt_ms2tick) for rt_ms2tick
    rt_cmsis.o(i.svcSignalWait) refers to rt_event.o(i.rt_evt_wait) for rt_evt_wait
    rt_cmsis.o(i.svcSignalWait) refers to rt_task.o(.data) for os_tsk
    rt_cmsis.o(i.svcThreadCreate) refers to rt_memory.o(i.rt_alloc_mem) for rt_alloc_mem
    rt_cmsis.o(i.svcThreadCreate) refers to rt_task.o(i.rt_tsk_create) for rt_tsk_create
    rt_cmsis.o(i.svcThreadCreate) refers to rt_memory.o(i.rt_free_mem) for rt_free_mem
    rt_cmsis.o(i.svcThreadCreate) refers to rtx_conf_cm.o(.bss) for os_stack_mem
    rt_cmsis.o(i.svcThreadCreate) refers to rt_cmsis.o(i.osThreadExit) for osThreadExit
    rt_cmsis.o(i.svcThreadGetId) refers to rt_task.o(i.rt_tsk_self) for rt_tsk_self
    rt_cmsis.o(i.svcThreadGetId) refers to rtx_conf_cm.o(.bss) for os_active_TCB
    rt_cmsis.o(i.svcThreadGetPriority) refers to rt_cmsis.o(i.rt_tid2ptcb) for rt_tid2ptcb
    rt_cmsis.o(i.svcThreadSetPriority) refers to rt_cmsis.o(i.rt_tid2ptcb) for rt_tid2ptcb
    rt_cmsis.o(i.svcThreadSetPriority) refers to rt_task.o(i.rt_tsk_prio) for rt_tsk_prio
    rt_cmsis.o(i.svcThreadTerminate) refers to rt_cmsis.o(i.rt_tid2ptcb) for rt_tid2ptcb
    rt_cmsis.o(i.svcThreadTerminate) refers to rt_task.o(i.rt_tsk_delete) for rt_tsk_delete
    rt_cmsis.o(i.svcThreadTerminate) refers to rt_memory.o(i.rt_free_mem) for rt_free_mem
    rt_cmsis.o(i.svcThreadTerminate) refers to rtx_conf_cm.o(.bss) for os_stack_mem
    rt_cmsis.o(i.svcThreadYield) refers to rt_task.o(i.rt_tsk_pass) for rt_tsk_pass
    rt_cmsis.o(i.svcTimerCall) refers to rt_cmsis.o(i.rt_id2obj) for rt_id2obj
    rt_cmsis.o(i.svcTimerCreate) refers to rtx_conf_cm.o(.data) for osThreadId_osTimerThread
    rt_cmsis.o(i.svcTimerDelete) refers to rt_cmsis.o(i.rt_id2obj) for rt_id2obj
    rt_cmsis.o(i.svcTimerDelete) refers to rt_cmsis.o(i.rt_timer_remove) for rt_timer_remove
    rt_cmsis.o(i.svcTimerStart) refers to rt_cmsis.o(i.rt_id2obj) for rt_id2obj
    rt_cmsis.o(i.svcTimerStart) refers to rt_cmsis.o(i.rt_ms2tick) for rt_ms2tick
    rt_cmsis.o(i.svcTimerStart) refers to rt_cmsis.o(i.rt_timer_remove) for rt_timer_remove
    rt_cmsis.o(i.svcTimerStart) refers to rt_cmsis.o(i.rt_timer_insert) for rt_timer_insert
    rt_cmsis.o(i.svcTimerStop) refers to rt_cmsis.o(i.rt_id2obj) for rt_id2obj
    rt_cmsis.o(i.svcTimerStop) refers to rt_cmsis.o(i.rt_timer_remove) for rt_timer_remove
    rt_cmsis.o(i.sysMailAlloc) refers to rt_membox.o(i.rt_alloc_box) for rt_alloc_box
    rt_cmsis.o(i.sysMailAlloc) refers to rt_cmsis.o(i.rt_clr_box) for rt_clr_box
    rt_cmsis.o(i.sysMailAlloc) refers to rt_list.o(i.rt_put_prio) for rt_put_prio
    rt_cmsis.o(i.sysMailAlloc) refers to rt_cmsis.o(i.rt_ms2tick) for rt_ms2tick
    rt_cmsis.o(i.sysMailAlloc) refers to rt_task.o(i.rt_block) for rt_block
    rt_cmsis.o(i.sysMailAlloc) refers to rt_task.o(.data) for os_tsk
    rt_cmsis.o(i.sysMailFree) refers to rt_membox.o(i.rt_free_box) for rt_free_box
    rt_cmsis.o(i.sysMailFree) refers to rt_list.o(i.rt_psq_enq) for rt_psq_enq
    rt_cmsis.o(i.sysMailFree) refers to rt_system.o(i.rt_psh_req) for rt_psh_req
    rt_cmsis.o(i.sysMailFree) refers to rt_membox.o(i.rt_alloc_box) for rt_alloc_box
    rt_cmsis.o(i.sysMailFree) refers to rt_list.o(i.rt_get_first) for rt_get_first
    rt_cmsis.o(i.sysMailFree) refers to hal_cm.o(i.rt_ret_val) for rt_ret_val
    rt_cmsis.o(i.sysMailFree) refers to rt_list.o(i.rt_rmv_dly) for rt_rmv_dly
    rt_cmsis.o(i.sysMailFree) refers to rt_task.o(i.rt_dispatch) for rt_dispatch
    rt_cmsis.o(i.sysPoolAlloc) refers to rt_membox.o(i.rt_alloc_box) for rt_alloc_box
    rt_cmsis.o(i.sysPoolAlloc) refers to rt_cmsis.o(i.rt_clr_box) for rt_clr_box
    rt_cmsis.o(i.sysPoolFree) refers to rt_membox.o(i.rt_free_box) for rt_free_box
    rt_cmsis.o(i.sysTimerTick) refers to rt_cmsis.o(i.isrMessagePut) for isrMessagePut
    rt_cmsis.o(i.sysTimerTick) refers to rt_cmsis.o(i.rt_timer_insert) for rt_timer_insert
    rt_cmsis.o(i.sysTimerTick) refers to rt_cmsis.o(.data) for .data
    rt_cmsis.o(i.sysTimerTick) refers to rtx_conf_cm.o(.data) for osMessageQId_osTimerMessageQ
    rt_cmsis.o(i.sysUserTimerUpdate) refers to rt_cmsis.o(i.sysTimerTick) for sysTimerTick
    rt_cmsis.o(i.sysUserTimerUpdate) refers to rt_cmsis.o(.data) for .data
    rt_cmsis.o(i.sysUserTimerWakeupTime) refers to rt_cmsis.o(.data) for .data
    rt_task.o(i.rt_block) refers to rt_list.o(i.rt_put_dly) for rt_put_dly
    rt_task.o(i.rt_block) refers to rt_list.o(i.rt_get_first) for rt_get_first
    rt_task.o(i.rt_block) refers to rt_task.o(i.rt_switch_req) for rt_switch_req
    rt_task.o(i.rt_block) refers to rt_task.o(.data) for .data
    rt_task.o(i.rt_block) refers to rt_list.o(.bss) for os_rdy
    rt_task.o(i.rt_dispatch) refers to rt_list.o(i.rt_put_rdy_first) for rt_put_rdy_first
    rt_task.o(i.rt_dispatch) refers to rt_task.o(i.rt_switch_req) for rt_switch_req
    rt_task.o(i.rt_dispatch) refers to rt_list.o(i.rt_get_first) for rt_get_first
    rt_task.o(i.rt_dispatch) refers to rt_list.o(i.rt_put_prio) for rt_put_prio
    rt_task.o(i.rt_dispatch) refers to rt_task.o(.data) for .data
    rt_task.o(i.rt_dispatch) refers to rt_list.o(.bss) for os_rdy
    rt_task.o(i.rt_init_context) refers to rt_membox.o(i.rt_alloc_box) for rt_alloc_box
    rt_task.o(i.rt_init_context) refers to hal_cm.o(i.rt_init_stack) for rt_init_stack
    rt_task.o(i.rt_init_context) refers to rtx_conf_cm.o(.bss) for mp_stk
    rt_task.o(i.rt_switch_req) refers to hal_cm.o(i.dbg_task_switch) for dbg_task_switch
    rt_task.o(i.rt_switch_req) refers to rt_task.o(.data) for .data
    rt_task.o(i.rt_switch_req) refers to hal_cm.o(.data) for dbg_msg
    rt_task.o(i.rt_sys_init) refers to hal_cm.o(i.dbg_init) for dbg_init
    rt_task.o(i.rt_sys_init) refers to rt_membox.o(i._init_box) for _init_box
    rt_task.o(i.rt_sys_init) refers to rt_task.o(i.rt_init_context) for rt_init_context
    rt_task.o(i.rt_sys_init) refers to rt_robin.o(i.rt_init_robin) for rt_init_robin
    rt_task.o(i.rt_sys_init) refers to rtx_conf_cm.o(.bss) for os_active_TCB
    rt_task.o(i.rt_sys_init) refers to rtx_conf_cm.o(.constdata) for os_maxtaskrun
    rt_task.o(i.rt_sys_init) refers to rtx_conf_cm.o(.data) for m_tmr
    rt_task.o(i.rt_sys_init) refers to rt_task.o(.bss) for .bss
    rt_task.o(i.rt_sys_init) refers to rtx_conf_cm.o(.text) for os_idle_demon
    rt_task.o(i.rt_sys_init) refers to rt_list.o(.bss) for os_rdy
    rt_task.o(i.rt_sys_init) refers to rt_task.o(.data) for .data
    rt_task.o(i.rt_sys_start) refers to rt_system.o(i.os_tick_init) for os_tick_init
    rt_task.o(i.rt_sys_start) refers to rt_system.o(.data) for os_tick_irqn
    rt_task.o(i.rt_tsk_create) refers to rt_membox.o(i.rt_alloc_box) for rt_alloc_box
    rt_task.o(i.rt_tsk_create) refers to rt_task.o(i.rt_init_context) for rt_init_context
    rt_task.o(i.rt_tsk_create) refers to hal_cm.o(i.dbg_task_notify) for dbg_task_notify
    rt_task.o(i.rt_tsk_create) refers to rt_task.o(i.rt_dispatch) for rt_dispatch
    rt_task.o(i.rt_tsk_create) refers to rtx_conf_cm.o(.bss) for mp_tcb
    rt_task.o(i.rt_tsk_create) refers to rtx_conf_cm.o(.constdata) for os_maxtaskrun
    rt_task.o(i.rt_tsk_create) refers to hal_cm.o(.data) for dbg_msg
    rt_task.o(i.rt_tsk_delete) refers to hal_cm4.o(.emb_text) for rt_get_PSP
    rt_task.o(i.rt_tsk_delete) refers to rt_system.o(i.rt_stk_check) for rt_stk_check
    rt_task.o(i.rt_tsk_delete) refers to rt_list.o(i.rt_get_first) for rt_get_first
    rt_task.o(i.rt_tsk_delete) refers to hal_cm.o(i.rt_ret_val) for rt_ret_val
    rt_task.o(i.rt_tsk_delete) refers to rt_list.o(i.rt_rmv_dly) for rt_rmv_dly
    rt_task.o(i.rt_tsk_delete) refers to rt_list.o(i.rt_put_prio) for rt_put_prio
    rt_task.o(i.rt_tsk_delete) refers to rt_membox.o(i.rt_free_box) for rt_free_box
    rt_task.o(i.rt_tsk_delete) refers to hal_cm.o(i.dbg_task_notify) for dbg_task_notify
    rt_task.o(i.rt_tsk_delete) refers to rt_list.o(i.rt_rmv_list) for rt_rmv_list
    rt_task.o(i.rt_tsk_delete) refers to rt_task.o(i.rt_dispatch) for rt_dispatch
    rt_task.o(i.rt_tsk_delete) refers to hal_cm.o(.data) for dbg_msg
    rt_task.o(i.rt_tsk_delete) refers to rtx_conf_cm.o(.bss) for os_active_TCB
    rt_task.o(i.rt_tsk_delete) refers to rt_task.o(.data) for .data
    rt_task.o(i.rt_tsk_delete) refers to rt_list.o(.bss) for os_rdy
    rt_task.o(i.rt_tsk_delete) refers to rtx_conf_cm.o(.constdata) for os_maxtaskrun
    rt_task.o(i.rt_tsk_pass) refers to rt_list.o(i.rt_get_same_rdy_prio) for rt_get_same_rdy_prio
    rt_task.o(i.rt_tsk_pass) refers to rt_list.o(i.rt_put_prio) for rt_put_prio
    rt_task.o(i.rt_tsk_pass) refers to rt_task.o(i.rt_switch_req) for rt_switch_req
    rt_task.o(i.rt_tsk_pass) refers to rt_task.o(.data) for .data
    rt_task.o(i.rt_tsk_pass) refers to rt_list.o(.bss) for os_rdy
    rt_task.o(i.rt_tsk_prio) refers to rt_list.o(i.rt_put_prio) for rt_put_prio
    rt_task.o(i.rt_tsk_prio) refers to rt_list.o(i.rt_resort_prio) for rt_resort_prio
    rt_task.o(i.rt_tsk_prio) refers to rt_list.o(i.rt_get_first) for rt_get_first
    rt_task.o(i.rt_tsk_prio) refers to rt_task.o(i.rt_dispatch) for rt_dispatch
    rt_task.o(i.rt_tsk_prio) refers to rt_task.o(.data) for .data
    rt_task.o(i.rt_tsk_prio) refers to rtx_conf_cm.o(.constdata) for os_maxtaskrun
    rt_task.o(i.rt_tsk_prio) refers to rtx_conf_cm.o(.bss) for os_active_TCB
    rt_task.o(i.rt_tsk_prio) refers to rt_list.o(.bss) for os_rdy
    rt_task.o(i.rt_tsk_self) refers to rt_task.o(.data) for .data
    rt_system.o(i.os_tick_init) refers to rtx_conf_cm.o(.constdata) for os_trv
    rt_system.o(i.os_tick_val) refers to rtx_conf_cm.o(.constdata) for os_trv
    rt_system.o(i.rt_pop_req) refers to rt_list.o(i.rt_put_rdy_first) for rt_put_rdy_first
    rt_system.o(i.rt_pop_req) refers to rt_semaphore.o(i.rt_sem_psh) for rt_sem_psh
    rt_system.o(i.rt_pop_req) refers to rt_list.o(i.rt_get_first) for rt_get_first
    rt_system.o(i.rt_pop_req) refers to rt_task.o(i.rt_switch_req) for rt_switch_req
    rt_system.o(i.rt_pop_req) refers to rt_event.o(i.rt_evt_psh) for rt_evt_psh
    rt_system.o(i.rt_pop_req) refers to rt_mailbox.o(i.rt_mbx_psh) for rt_mbx_psh
    rt_system.o(i.rt_pop_req) refers to rt_task.o(.data) for os_tsk
    rt_system.o(i.rt_pop_req) refers to rtx_conf_cm.o(.bss) for os_fifo
    rt_system.o(i.rt_pop_req) refers to rt_list.o(.bss) for os_rdy
    rt_system.o(i.rt_psh_req) refers to rt_system.o(.data) for .data
    rt_system.o(i.rt_resume) refers to rt_list.o(i.rt_put_rdy_first) for rt_put_rdy_first
    rt_system.o(i.rt_resume) refers to rt_list.o(i.rt_dec_dly) for rt_dec_dly
    rt_system.o(i.rt_resume) refers to rt_cmsis.o(i.sysUserTimerUpdate) for sysUserTimerUpdate
    rt_system.o(i.rt_resume) refers to rt_list.o(i.rt_get_first) for rt_get_first
    rt_system.o(i.rt_resume) refers to rt_task.o(i.rt_switch_req) for rt_switch_req
    rt_system.o(i.rt_resume) refers to rt_system.o(i.rt_tsk_unlock) for rt_tsk_unlock
    rt_system.o(i.rt_resume) refers to rt_task.o(.data) for os_tsk
    rt_system.o(i.rt_resume) refers to rt_robin.o(.data) for os_robin
    rt_system.o(i.rt_resume) refers to rt_list.o(.bss) for os_dly
    rt_system.o(i.rt_resume) refers to rt_time.o(.data) for os_time
    rt_system.o(i.rt_stk_check) refers to rtx_conf_cm.o(.text) for os_error
    rt_system.o(i.rt_stk_check) refers to rt_task.o(.data) for os_tsk
    rt_system.o(i.rt_suspend) refers to rt_system.o(i.rt_tsk_lock) for rt_tsk_lock
    rt_system.o(i.rt_suspend) refers to rt_cmsis.o(i.sysUserTimerWakeupTime) for sysUserTimerWakeupTime
    rt_system.o(i.rt_suspend) refers to rt_list.o(.bss) for os_dly
    rt_system.o(i.rt_systick) refers to rt_list.o(i.rt_put_rdy_first) for rt_put_rdy_first
    rt_system.o(i.rt_systick) refers to rt_robin.o(i.rt_chk_robin) for rt_chk_robin
    rt_system.o(i.rt_systick) refers to rt_list.o(i.rt_dec_dly) for rt_dec_dly
    rt_system.o(i.rt_systick) refers to rt_cmsis.o(i.sysTimerTick) for sysTimerTick
    rt_system.o(i.rt_systick) refers to rt_list.o(i.rt_get_first) for rt_get_first
    rt_system.o(i.rt_systick) refers to rt_task.o(i.rt_switch_req) for rt_switch_req
    rt_system.o(i.rt_systick) refers to rt_task.o(.data) for os_tsk
    rt_system.o(i.rt_systick) refers to rt_time.o(.data) for os_time
    rt_system.o(i.rt_systick) refers to rt_list.o(.bss) for os_rdy
    rt_system.o(i.rt_tsk_lock) refers to rt_system.o(.data) for .data
    rt_system.o(i.rt_tsk_unlock) refers to rt_system.o(.data) for .data
    rt_event.o(i.isr_evt_set) refers to rt_list.o(i.rt_psq_enq) for rt_psq_enq
    rt_event.o(i.isr_evt_set) refers to rt_system.o(i.rt_psh_req) for rt_psh_req
    rt_event.o(i.isr_evt_set) refers to rtx_conf_cm.o(.bss) for os_active_TCB
    rt_event.o(i.rt_evt_clr) refers to rtx_conf_cm.o(.bss) for os_active_TCB
    rt_event.o(i.rt_evt_get) refers to rt_task.o(.data) for os_tsk
    rt_event.o(i.rt_evt_psh) refers to rt_list.o(i.rt_rmv_dly) for rt_rmv_dly
    rt_event.o(i.rt_evt_psh) refers to hal_cm.o(i.rt_ret_val2) for rt_ret_val2
    rt_event.o(i.rt_evt_psh) refers to rt_list.o(i.rt_put_prio) for rt_put_prio
    rt_event.o(i.rt_evt_psh) refers to rt_list.o(.bss) for os_rdy
    rt_event.o(i.rt_evt_set) refers to rt_list.o(i.rt_rmv_dly) for rt_rmv_dly
    rt_event.o(i.rt_evt_set) refers to hal_cm.o(i.rt_ret_val2) for rt_ret_val2
    rt_event.o(i.rt_evt_set) refers to rt_task.o(i.rt_dispatch) for rt_dispatch
    rt_event.o(i.rt_evt_set) refers to rtx_conf_cm.o(.bss) for os_active_TCB
    rt_event.o(i.rt_evt_wait) refers to rt_task.o(i.rt_block) for rt_block
    rt_event.o(i.rt_evt_wait) refers to rt_task.o(.data) for os_tsk
    rt_list.o(i.rt_dec_dly) refers to rt_list.o(i.rt_put_prio) for rt_put_prio
    rt_list.o(i.rt_dec_dly) refers to rt_list.o(.bss) for .bss
    rt_list.o(i.rt_dec_dly) refers to rt_time.o(.data) for os_time
    rt_list.o(i.rt_get_same_rdy_prio) refers to rt_list.o(.bss) for .bss
    rt_list.o(i.rt_get_same_rdy_prio) refers to rt_task.o(.data) for os_tsk
    rt_list.o(i.rt_psq_enq) refers to rtx_conf_cm.o(.text) for os_error
    rt_list.o(i.rt_psq_enq) refers to rtx_conf_cm.o(.bss) for os_fifo
    rt_list.o(i.rt_put_dly) refers to rt_list.o(.bss) for .bss
    rt_list.o(i.rt_put_rdy_first) refers to rt_list.o(.bss) for .bss
    rt_list.o(i.rt_resort_prio) refers to rt_list.o(i.rt_rmv_list) for rt_rmv_list
    rt_list.o(i.rt_resort_prio) refers to rt_list.o(i.rt_put_prio) for rt_put_prio
    rt_list.o(i.rt_resort_prio) refers to rt_list.o(.bss) for .bss
    rt_list.o(i.rt_rmv_list) refers to rt_list.o(.bss) for .bss
    rt_mailbox.o(i.isr_mbx_receive) refers to rt_list.o(i.rt_psq_enq) for rt_psq_enq
    rt_mailbox.o(i.isr_mbx_receive) refers to rt_system.o(i.rt_psh_req) for rt_psh_req
    rt_mailbox.o(i.isr_mbx_send) refers to rt_list.o(i.rt_psq_enq) for rt_psq_enq
    rt_mailbox.o(i.isr_mbx_send) refers to rt_system.o(i.rt_psh_req) for rt_psh_req
    rt_mailbox.o(i.rt_mbx_psh) refers to rt_membox.o(i.rt_alloc_box) for rt_alloc_box
    rt_mailbox.o(i.rt_mbx_psh) refers to rt_list.o(i.rt_get_first) for rt_get_first
    rt_mailbox.o(i.rt_mbx_psh) refers to hal_cm.o(i.rt_ret_val) for rt_ret_val
    rt_mailbox.o(i.rt_mbx_psh) refers to rt_list.o(i.rt_rmv_dly) for rt_rmv_dly
    rt_mailbox.o(i.rt_mbx_psh) refers to rt_list.o(i.rt_put_prio) for rt_put_prio
    rt_mailbox.o(i.rt_mbx_psh) refers to hal_cm.o(i.rt_ret_val2) for rt_ret_val2
    rt_mailbox.o(i.rt_mbx_psh) refers to rtx_conf_cm.o(.text) for os_error
    rt_mailbox.o(i.rt_mbx_psh) refers to rt_list.o(.bss) for os_rdy
    rt_mailbox.o(i.rt_mbx_send) refers to rt_list.o(i.rt_put_prio) for rt_put_prio
    rt_mailbox.o(i.rt_mbx_send) refers to rt_list.o(i.rt_get_first) for rt_get_first
    rt_mailbox.o(i.rt_mbx_send) refers to hal_cm.o(i.rt_ret_val2) for rt_ret_val2
    rt_mailbox.o(i.rt_mbx_send) refers to rt_list.o(i.rt_rmv_dly) for rt_rmv_dly
    rt_mailbox.o(i.rt_mbx_send) refers to rt_task.o(i.rt_dispatch) for rt_dispatch
    rt_mailbox.o(i.rt_mbx_send) refers to rt_task.o(i.rt_block) for rt_block
    rt_mailbox.o(i.rt_mbx_send) refers to rt_task.o(.data) for os_tsk
    rt_mailbox.o(i.rt_mbx_wait) refers to rt_list.o(i.rt_get_first) for rt_get_first
    rt_mailbox.o(i.rt_mbx_wait) refers to hal_cm.o(i.rt_ret_val) for rt_ret_val
    rt_mailbox.o(i.rt_mbx_wait) refers to rt_list.o(i.rt_rmv_dly) for rt_rmv_dly
    rt_mailbox.o(i.rt_mbx_wait) refers to rt_task.o(i.rt_dispatch) for rt_dispatch
    rt_mailbox.o(i.rt_mbx_wait) refers to rt_list.o(i.rt_put_prio) for rt_put_prio
    rt_mailbox.o(i.rt_mbx_wait) refers to rt_task.o(i.rt_block) for rt_block
    rt_mailbox.o(i.rt_mbx_wait) refers to rt_task.o(.data) for os_tsk
    rt_semaphore.o(i.isr_sem_send) refers to rt_list.o(i.rt_psq_enq) for rt_psq_enq
    rt_semaphore.o(i.isr_sem_send) refers to rt_system.o(i.rt_psh_req) for rt_psh_req
    rt_semaphore.o(i.rt_sem_delete) refers to rt_list.o(i.rt_get_first) for rt_get_first
    rt_semaphore.o(i.rt_sem_delete) refers to hal_cm.o(i.rt_ret_val) for rt_ret_val
    rt_semaphore.o(i.rt_sem_delete) refers to rt_list.o(i.rt_rmv_dly) for rt_rmv_dly
    rt_semaphore.o(i.rt_sem_delete) refers to rt_list.o(i.rt_put_prio) for rt_put_prio
    rt_semaphore.o(i.rt_sem_delete) refers to rt_task.o(i.rt_dispatch) for rt_dispatch
    rt_semaphore.o(i.rt_sem_delete) refers to rt_list.o(.bss) for os_rdy
    rt_semaphore.o(i.rt_sem_delete) refers to rt_task.o(.data) for os_tsk
    rt_semaphore.o(i.rt_sem_psh) refers to rt_list.o(i.rt_get_first) for rt_get_first
    rt_semaphore.o(i.rt_sem_psh) refers to rt_list.o(i.rt_rmv_dly) for rt_rmv_dly
    rt_semaphore.o(i.rt_sem_psh) refers to hal_cm.o(i.rt_ret_val) for rt_ret_val
    rt_semaphore.o(i.rt_sem_psh) refers to rt_list.o(i.rt_put_prio) for rt_put_prio
    rt_semaphore.o(i.rt_sem_psh) refers to rt_list.o(.bss) for os_rdy
    rt_semaphore.o(i.rt_sem_send) refers to rt_list.o(i.rt_get_first) for rt_get_first
    rt_semaphore.o(i.rt_sem_send) refers to hal_cm.o(i.rt_ret_val) for rt_ret_val
    rt_semaphore.o(i.rt_sem_send) refers to rt_list.o(i.rt_rmv_dly) for rt_rmv_dly
    rt_semaphore.o(i.rt_sem_send) refers to rt_task.o(i.rt_dispatch) for rt_dispatch
    rt_semaphore.o(i.rt_sem_wait) refers to rt_list.o(i.rt_put_prio) for rt_put_prio
    rt_semaphore.o(i.rt_sem_wait) refers to rt_task.o(i.rt_block) for rt_block
    rt_semaphore.o(i.rt_sem_wait) refers to rt_task.o(.data) for os_tsk
    rt_time.o(i.rt_dly_wait) refers to rt_task.o(i.rt_block) for rt_block
    rt_time.o(i.rt_itv_set) refers to rt_task.o(.data) for os_tsk
    rt_time.o(i.rt_itv_set) refers to rt_time.o(.data) for .data
    rt_time.o(i.rt_itv_wait) refers to rt_task.o(i.rt_block) for rt_block
    rt_time.o(i.rt_itv_wait) refers to rt_task.o(.data) for os_tsk
    rt_time.o(i.rt_itv_wait) refers to rt_time.o(.data) for .data
    rt_time.o(i.rt_time_get) refers to rt_time.o(.data) for .data
    rt_mutex.o(i.rt_mut_delete) refers to rt_list.o(i.rt_resort_prio) for rt_resort_prio
    rt_mutex.o(i.rt_mut_delete) refers to rt_list.o(i.rt_get_first) for rt_get_first
    rt_mutex.o(i.rt_mut_delete) refers to hal_cm.o(i.rt_ret_val) for rt_ret_val
    rt_mutex.o(i.rt_mut_delete) refers to rt_list.o(i.rt_rmv_dly) for rt_rmv_dly
    rt_mutex.o(i.rt_mut_delete) refers to rt_list.o(i.rt_put_prio) for rt_put_prio
    rt_mutex.o(i.rt_mut_delete) refers to rt_task.o(i.rt_dispatch) for rt_dispatch
    rt_mutex.o(i.rt_mut_delete) refers to rt_task.o(.data) for os_tsk
    rt_mutex.o(i.rt_mut_delete) refers to rt_list.o(.bss) for os_rdy
    rt_mutex.o(i.rt_mut_release) refers to rt_list.o(i.rt_get_first) for rt_get_first
    rt_mutex.o(i.rt_mut_release) refers to hal_cm.o(i.rt_ret_val) for rt_ret_val
    rt_mutex.o(i.rt_mut_release) refers to rt_list.o(i.rt_rmv_dly) for rt_rmv_dly
    rt_mutex.o(i.rt_mut_release) refers to rt_list.o(i.rt_put_prio) for rt_put_prio
    rt_mutex.o(i.rt_mut_release) refers to rt_task.o(i.rt_dispatch) for rt_dispatch
    rt_mutex.o(i.rt_mut_release) refers to rt_task.o(.data) for os_tsk
    rt_mutex.o(i.rt_mut_release) refers to rt_list.o(.bss) for os_rdy
    rt_mutex.o(i.rt_mut_wait) refers to rt_list.o(i.rt_resort_prio) for rt_resort_prio
    rt_mutex.o(i.rt_mut_wait) refers to rt_list.o(i.rt_put_prio) for rt_put_prio
    rt_mutex.o(i.rt_mut_wait) refers to rt_task.o(i.rt_block) for rt_block
    rt_mutex.o(i.rt_mut_wait) refers to rt_task.o(.data) for os_tsk
    rt_membox.o(i._calloc_box) refers to hal_cm4.o(.emb_text) for _alloc_box
    hal_cm.o(i.dbg_init) refers to hal_cm.o(.data) for .data
    hal_cm.o(i.rt_init_stack) refers to rtx_conf_cm.o(.constdata) for os_stackinfo
    hal_cm.o(i.rt_ret_val) refers to hal_cm.o(i.rt_ret_regs) for rt_ret_regs
    hal_cm.o(i.rt_ret_val2) refers to hal_cm.o(i.rt_ret_regs) for rt_ret_regs
    rt_robin.o(i.rt_chk_robin) refers to rt_list.o(i.rt_get_first) for rt_get_first
    rt_robin.o(i.rt_chk_robin) refers to rt_list.o(i.rt_put_prio) for rt_put_prio
    rt_robin.o(i.rt_chk_robin) refers to rt_robin.o(.data) for .data
    rt_robin.o(i.rt_chk_robin) refers to rt_list.o(.bss) for os_rdy
    rt_robin.o(i.rt_chk_robin) refers to rt_time.o(.data) for os_time
    rt_robin.o(i.rt_init_robin) refers to rt_robin.o(.data) for .data
    rt_robin.o(i.rt_init_robin) refers to rtx_conf_cm.o(.constdata) for os_rrobin
    hal_cm4.o(.emb_text) refers to rtx_conf_cm.o(.constdata) for os_flags
    hal_cm4.o(.emb_text) refers to rt_membox.o(i.rt_alloc_box) for rt_alloc_box
    hal_cm4.o(.emb_text) refers to rt_membox.o(i.rt_free_box) for rt_free_box
    hal_cm4.o(.emb_text) refers to rt_system.o(i.rt_stk_check) for rt_stk_check
    hal_cm4.o(.emb_text) refers to rt_task.o(.data) for os_tsk
    hal_cm4.o(.emb_text) refers to svc_table.o(SVC_TABLE) for SVC_Count
    hal_cm4.o(.emb_text) refers to rt_system.o(i.rt_pop_req) for rt_pop_req
    hal_cm4.o(.emb_text) refers to rt_system.o(i.rt_systick) for rt_systick
    hal_cm4.o(.emb_text) refers to rt_system.o(i.os_tick_irqack) for os_tick_irqack
    entry.o(.ARM.Collect$$$$00000000) refers (Special) to entry10a.o(.ARM.Collect$$$$0000000D) for __rt_final_cpp
    entry.o(.ARM.Collect$$$$00000000) refers (Special) to entry11a.o(.ARM.Collect$$$$0000000F) for __rt_final_exit
    entry.o(.ARM.Collect$$$$00000000) refers (Special) to entry7b.o(.ARM.Collect$$$$00000008) for _main_clock
    entry.o(.ARM.Collect$$$$00000000) refers (Special) to entry8b.o(.ARM.Collect$$$$0000000A) for _main_cpp_init
    entry.o(.ARM.Collect$$$$00000000) refers (Special) to rtx_conf_cm.o(.ARM.Collect$$$$000000FF) for _main_init
    entry.o(.ARM.Collect$$$$00000000) refers (Special) to entry5.o(.ARM.Collect$$$$00000004) for _main_scatterload
    entry.o(.ARM.Collect$$$$00000000) refers (Special) to entry2.o(.ARM.Collect$$$$00000001) for _main_stk
    entry2.o(.ARM.Collect$$$$00000001) refers to entry2.o(.ARM.Collect$$$$00002712) for __lit__00000000
    entry2.o(.ARM.Collect$$$$00002712) refers to startup_stm32f40_41xxx.o(STACK) for __initial_sp
    entry2.o(__vectab_stack_and_reset_area) refers to startup_stm32f40_41xxx.o(STACK) for __initial_sp
    entry2.o(__vectab_stack_and_reset_area) refers to entry.o(.ARM.Collect$$$$00000000) for __main
    entry5.o(.ARM.Collect$$$$00000004) refers to init.o(.text) for __scatterload
    init.o(.text) refers to entry5.o(.ARM.Collect$$$$00000004) for __main_after_scatterload


==============================================================================

Removing Unused input sections from the image.

    Removing blinky.o(.rev16_text), (4 bytes).
    Removing blinky.o(.revsh_text), (4 bytes).
    Removing keyboard.o(.rev16_text), (4 bytes).
    Removing keyboard.o(.revsh_text), (4 bytes).
    Removing keyboard.o(.text), (64 bytes).
    Removing led.o(.rev16_text), (4 bytes).
    Removing led.o(.revsh_text), (4 bytes).
    Removing system_stm32f4xx.o(.rev16_text), (4 bytes).
    Removing system_stm32f4xx.o(.revsh_text), (4 bytes).
    Removing startup_stm32f40_41xxx.o(HEAP), (512 bytes).
    Removing gpio_stm32f4xx.o(.rev16_text), (4 bytes).
    Removing gpio_stm32f4xx.o(.revsh_text), (4 bytes).
    Removing rt_cmsis.o(.rev16_text), (4 bytes).
    Removing rt_cmsis.o(.revsh_text), (4 bytes).
    Removing rt_cmsis.o(i.osKernelRunning), (36 bytes).
    Removing rt_cmsis.o(i.osKernelSysTick), (24 bytes).
    Removing rt_cmsis.o(i.osMailAlloc), (32 bytes).
    Removing rt_cmsis.o(i.osMailCAlloc), (32 bytes).
    Removing rt_cmsis.o(i.osMailCreate), (48 bytes).
    Removing rt_cmsis.o(i.osMailFree), (28 bytes).
    Removing rt_cmsis.o(i.osMailGet), (22 bytes).
    Removing rt_cmsis.o(i.osMailPut), (20 bytes).
    Removing rt_cmsis.o(i.osMessageCreate), (48 bytes).
    Removing rt_cmsis.o(i.osMessagePut), (24 bytes).
    Removing rt_cmsis.o(i.osMutexCreate), (48 bytes).
    Removing rt_cmsis.o(i.osMutexDelete), (24 bytes).
    Removing rt_cmsis.o(i.osMutexRelease), (24 bytes).
    Removing rt_cmsis.o(i.osMutexWait), (24 bytes).
    Removing rt_cmsis.o(i.osPoolAlloc), (36 bytes).
    Removing rt_cmsis.o(i.osPoolCAlloc), (36 bytes).
    Removing rt_cmsis.o(i.osPoolCreate), (48 bytes).
    Removing rt_cmsis.o(i.osPoolFree), (32 bytes).
    Removing rt_cmsis.o(i.osSemaphoreCreate), (48 bytes).
    Removing rt_cmsis.o(i.osSemaphoreDelete), (24 bytes).
    Removing rt_cmsis.o(i.osSemaphoreRelease), (60 bytes).
    Removing rt_cmsis.o(i.osSemaphoreWait), (24 bytes).
    Removing rt_cmsis.o(i.osSignalClear), (24 bytes).
    Removing rt_cmsis.o(i.osThreadGetId), (24 bytes).
    Removing rt_cmsis.o(i.osThreadGetPriority), (24 bytes).
    Removing rt_cmsis.o(i.osThreadSetPriority), (24 bytes).
    Removing rt_cmsis.o(i.osThreadTerminate), (24 bytes).
    Removing rt_cmsis.o(i.osThreadYield), (24 bytes).
    Removing rt_cmsis.o(i.osTimerCreate), (52 bytes).
    Removing rt_cmsis.o(i.osTimerDelete), (24 bytes).
    Removing rt_cmsis.o(i.osTimerStart), (24 bytes).
    Removing rt_cmsis.o(i.osTimerStop), (24 bytes).
    Removing rt_cmsis.o(i.osWait), (4 bytes).
    Removing rt_cmsis.o(i.os_resume), (12 bytes).
    Removing rt_cmsis.o(i.os_suspend), (12 bytes).
    Removing rt_cmsis.o(i.rt_clr_box), (20 bytes).
    Removing rt_cmsis.o(i.rt_timer_remove), (60 bytes).
    Removing rt_cmsis.o(i.svcKernelRunning), (12 bytes).
    Removing rt_cmsis.o(i.svcKernelSysTick), (56 bytes).
    Removing rt_cmsis.o(i.svcMailCreate), (66 bytes).
    Removing rt_cmsis.o(i.svcMessagePut), (54 bytes).
    Removing rt_cmsis.o(i.svcMutexCreate), (28 bytes).
    Removing rt_cmsis.o(i.svcMutexDelete), (26 bytes).
    Removing rt_cmsis.o(i.svcMutexRelease), (34 bytes).
    Removing rt_cmsis.o(i.svcMutexWait), (54 bytes).
    Removing rt_cmsis.o(i.svcPoolCreate), (40 bytes).
    Removing rt_cmsis.o(i.svcSemaphoreCreate), (36 bytes).
    Removing rt_cmsis.o(i.svcSemaphoreDelete), (26 bytes).
    Removing rt_cmsis.o(i.svcSemaphoreRelease), (40 bytes).
    Removing rt_cmsis.o(i.svcSemaphoreWait), (50 bytes).
    Removing rt_cmsis.o(i.svcSignalClear), (36 bytes).
    Removing rt_cmsis.o(i.svcThreadGetPriority), (18 bytes).
    Removing rt_cmsis.o(i.svcThreadSetPriority), (46 bytes).
    Removing rt_cmsis.o(i.svcThreadYield), (10 bytes).
    Removing rt_cmsis.o(i.svcTimerCreate), (56 bytes).
    Removing rt_cmsis.o(i.svcTimerDelete), (40 bytes).
    Removing rt_cmsis.o(i.svcTimerStart), (72 bytes).
    Removing rt_cmsis.o(i.svcTimerStop), (36 bytes).
    Removing rt_cmsis.o(i.sysMailAlloc), (112 bytes).
    Removing rt_cmsis.o(i.sysMailFree), (96 bytes).
    Removing rt_cmsis.o(i.sysPoolAlloc), (32 bytes).
    Removing rt_cmsis.o(i.sysPoolFree), (20 bytes).
    Removing rt_cmsis.o(i.sysUserTimerUpdate), (48 bytes).
    Removing rt_cmsis.o(i.sysUserTimerWakeupTime), (20 bytes).
    Removing rt_task.o(i.rt_tsk_pass), (48 bytes).
    Removing rt_system.o(.emb_text), (0 bytes).
    Removing rt_system.o(i.os_tick_ovf), (16 bytes).
    Removing rt_system.o(i.os_tick_val), (20 bytes).
    Removing rt_system.o(i.rt_resume), (136 bytes).
    Removing rt_system.o(i.rt_suspend), (36 bytes).
    Removing rt_system.o(i.rt_tsk_lock), (80 bytes).
    Removing rt_system.o(i.rt_tsk_unlock), (80 bytes).
    Removing rt_event.o(i.rt_evt_clr), (28 bytes).
    Removing rt_event.o(i.rt_evt_get), (12 bytes).
    Removing rt_list.o(i.rt_get_same_rdy_prio), (36 bytes).
    Removing rt_mailbox.o(i.rt_mbx_send), (152 bytes).
    Removing rt_semaphore.o(i.isr_sem_send), (16 bytes).
    Removing rt_semaphore.o(i.rt_sem_delete), (92 bytes).
    Removing rt_semaphore.o(i.rt_sem_init), (12 bytes).
    Removing rt_semaphore.o(i.rt_sem_send), (42 bytes).
    Removing rt_semaphore.o(i.rt_sem_wait), (64 bytes).
    Removing rt_time.o(i.rt_itv_set), (24 bytes).
    Removing rt_time.o(i.rt_itv_wait), (44 bytes).
    Removing rt_time.o(i.rt_time_get), (12 bytes).
    Removing rt_mutex.o(i.rt_mut_delete), (176 bytes).
    Removing rt_mutex.o(i.rt_mut_init), (16 bytes).
    Removing rt_mutex.o(i.rt_mut_release), (216 bytes).
    Removing rt_mutex.o(i.rt_mut_wait), (104 bytes).
    Removing rt_membox.o(i._calloc_box), (30 bytes).

103 unused section(s) (total 4398 bytes) removed from the image.

==============================================================================

Image Symbol Table

    Local Symbols

    Symbol Name                              Value     Ov Type        Size  Object(Section)

    ../clib/microlib/init/entry.s            0x00000000   Number         0  entry11b.o ABSOLUTE
    ../clib/microlib/init/entry.s            0x00000000   Number         0  entry.o ABSOLUTE
    ../clib/microlib/init/entry.s            0x00000000   Number         0  entry2.o ABSOLUTE
    ../clib/microlib/init/entry.s            0x00000000   Number         0  entry5.o ABSOLUTE
    ../clib/microlib/init/entry.s            0x00000000   Number         0  entry7b.o ABSOLUTE
    ../clib/microlib/init/entry.s            0x00000000   Number         0  entry7a.o ABSOLUTE
    ../clib/microlib/init/entry.s            0x00000000   Number         0  entry8a.o ABSOLUTE
    ../clib/microlib/init/entry.s            0x00000000   Number         0  entry8b.o ABSOLUTE
    ../clib/microlib/init/entry.s            0x00000000   Number         0  entry10a.o ABSOLUTE
    ../clib/microlib/init/entry.s            0x00000000   Number         0  entry10b.o ABSOLUTE
    ../clib/microlib/init/entry.s            0x00000000   Number         0  entry11a.o ABSOLUTE
    ..\HAL_CM.c                              0x00000000   Number         0  hal_cm.o ABSOLUTE
    ..\\rt_CMSIS.c                           0x00000000   Number         0  rt_cmsis.o ABSOLUTE
    ..\\rt_System.c                          0x00000000   Number         0  rt_system.o ABSOLUTE
    ..\rt_CMSIS.c                            0x00000000   Number         0  rt_cmsis.o ABSOLUTE
    ..\rt_Event.c                            0x00000000   Number         0  rt_event.o ABSOLUTE
    ..\rt_List.c                             0x00000000   Number         0  rt_list.o ABSOLUTE
    ..\rt_Mailbox.c                          0x00000000   Number         0  rt_mailbox.o ABSOLUTE
    ..\rt_MemBox.c                           0x00000000   Number         0  rt_membox.o ABSOLUTE
    ..\rt_Memory.c                           0x00000000   Number         0  rt_memory.o ABSOLUTE
    ..\rt_Mutex.c                            0x00000000   Number         0  rt_mutex.o ABSOLUTE
    ..\rt_Robin.c                            0x00000000   Number         0  rt_robin.o ABSOLUTE
    ..\rt_Semaphore.c                        0x00000000   Number         0  rt_semaphore.o ABSOLUTE
    ..\rt_System.c                           0x00000000   Number         0  rt_system.o ABSOLUTE
    ..\rt_Task.c                             0x00000000   Number         0  rt_task.o ABSOLUTE
    ..\rt_Time.c                             0x00000000   Number         0  rt_time.o ABSOLUTE
    Blinky.c                                 0x00000000   Number         0  blinky.o ABSOLUTE
    Blinky.c                                 0x00000000   Number         0  blinky.o ABSOLUTE
    C:\Keil_v5\ARM\PACK\Keil\STM32F4xx_DFP\1.0.6\Boards\ST\STM32F4-Discovery\Common\Keyboard.c 0x00000000   Number         0  keyboard.o ABSOLUTE
    C:\Keil_v5\ARM\PACK\Keil\STM32F4xx_DFP\1.0.6\Boards\ST\STM32F4-Discovery\Common\LED.c 0x00000000   Number         0  led.o ABSOLUTE
    C:\Keil_v5\ARM\PACK\Keil\STM32F4xx_DFP\1.0.6\RTE_Driver\GPIO_STM32F4xx.c 0x00000000   Number         0  gpio_stm32f4xx.o ABSOLUTE
    C:\\Keil_v5\\ARM\\PACK\\Keil\\STM32F4xx_DFP\\1.0.6\\Boards\\ST\\STM32F4-Discovery\\Common\\Keyboard.c 0x00000000   Number         0  keyboard.o ABSOLUTE
    C:\\Keil_v5\\ARM\\PACK\\Keil\\STM32F4xx_DFP\\1.0.6\\Boards\\ST\\STM32F4-Discovery\\Common\\LED.c 0x00000000   Number         0  led.o ABSOLUTE
    C:\\Keil_v5\\ARM\\PACK\\Keil\\STM32F4xx_DFP\\1.0.6\\RTE_Driver\\GPIO_STM32F4xx.c 0x00000000   Number         0  gpio_stm32f4xx.o ABSOLUTE
    HAL_CM4.c                                0x00000000   Number         0  hal_cm4.o ABSOLUTE
    HAL_CM4.c                                0x00000000   Number         0  hal_cm4.o ABSOLUTE
    RTE\CMSIS\RTX_Conf_CM.c                  0x00000000   Number         0  rtx_conf_cm.o ABSOLUTE
    RTE\Device\STM32F407VG\startup_stm32f40_41xxx.s 0x00000000   Number         0  startup_stm32f40_41xxx.o ABSOLUTE
    RTE\Device\STM32F407VG\system_stm32f4xx.c 0x00000000   Number         0  system_stm32f4xx.o ABSOLUTE
    RTE\\Device\\STM32F407VG\\system_stm32f4xx.c 0x00000000   Number         0  system_stm32f4xx.o ABSOLUTE
    SVC_Table.s                              0x00000000   Number         0  svc_table.o ABSOLUTE
    dc.s                                     0x00000000   Number         0  dc.o ABSOLUTE
    handlers.s                               0x00000000   Number         0  handlers.o ABSOLUTE
    init.s                                   0x00000000   Number         0  init.o ABSOLUTE
    RESET                                    0x08000000   Section      392  startup_stm32f40_41xxx.o(RESET)
    .ARM.Collect$$$$00000000                 0x08000188   Section        0  entry.o(.ARM.Collect$$$$00000000)
    .ARM.Collect$$$$00000001                 0x08000188   Section        4  entry2.o(.ARM.Collect$$$$00000001)
    .ARM.Collect$$$$00000004                 0x0800018c   Section        4  entry5.o(.ARM.Collect$$$$00000004)
    .ARM.Collect$$$$00000008                 0x08000190   Section        0  entry7b.o(.ARM.Collect$$$$00000008)
    .ARM.Collect$$$$0000000A                 0x08000190   Section        0  entry8b.o(.ARM.Collect$$$$0000000A)
    .ARM.Collect$$$$0000000D                 0x08000190   Section        0  entry10a.o(.ARM.Collect$$$$0000000D)
    .ARM.Collect$$$$0000000F                 0x08000190   Section        0  entry11a.o(.ARM.Collect$$$$0000000F)
    .ARM.Collect$$$$000000FF                 0x08000190   Section        0  rtx_conf_cm.o(.ARM.Collect$$$$000000FF)
    .ARM.Collect$$$$00002712                 0x080001a8   Section        4  entry2.o(.ARM.Collect$$$$00002712)
    __lit__00000000                          0x080001a8   Data           4  entry2.o(.ARM.Collect$$$$00002712)
    .emb_text                                0x080001ac   Section      384  hal_cm4.o(.emb_text)
    $v0                                      0x080001ac   Number         0  hal_cm4.o(.emb_text)
    .text                                    0x0800032c   Section        0  blinky.o(.text)
    .text                                    0x080003b0   Section        0  led.o(.text)
    .text                                    0x080004a8   Section        0  rtx_conf_cm.o(.text)
    .text                                    0x080004c8   Section        0  system_stm32f4xx.o(.text)
    SetSysClock                              0x080004c9   Thumb Code   220  system_stm32f4xx.o(.text)
    .text                                    0x080006d8   Section       36  startup_stm32f40_41xxx.o(.text)
    $v0                                      0x080006d8   Number         0  startup_stm32f40_41xxx.o(.text)
    .text                                    0x080006fc   Section        0  gpio_stm32f4xx.o(.text)
    .text                                    0x08000940   Section       36  init.o(.text)
    SVC_TABLE                                0x08000964   Section        4  svc_table.o(SVC_TABLE)
    i.__scatterload_copy                     0x08000968   Section       14  handlers.o(i.__scatterload_copy)
    i.__scatterload_null                     0x08000976   Section        2  handlers.o(i.__scatterload_null)
    i.__scatterload_zeroinit                 0x08000978   Section       14  handlers.o(i.__scatterload_zeroinit)
    i._init_box                              0x08000986   Section        0  rt_membox.o(i._init_box)
    i.dbg_init                               0x080009cc   Section        0  hal_cm.o(i.dbg_init)
    i.dbg_task_notify                        0x080009fc   Section        0  hal_cm.o(i.dbg_task_notify)
    i.dbg_task_switch                        0x08000a1c   Section        0  hal_cm.o(i.dbg_task_switch)
    i.isrMessagePut                          0x08000a2c   Section        0  rt_cmsis.o(i.isrMessagePut)
    isrMessagePut                            0x08000a2d   Thumb Code    44  rt_cmsis.o(i.isrMessagePut)
    i.isr_evt_set                            0x08000a58   Section        0  rt_event.o(i.isr_evt_set)
    i.isr_mbx_receive                        0x08000a80   Section        0  rt_mailbox.o(i.isr_mbx_receive)
    i.isr_mbx_send                           0x08000ad0   Section        0  rt_mailbox.o(i.isr_mbx_send)
    i.osDelay                                0x08000ae0   Section        0  rt_cmsis.o(i.osDelay)
    i.osKernelInitialize                     0x08000af8   Section        0  rt_cmsis.o(i.osKernelInitialize)
    i.osKernelStart                          0x08000b1c   Section        0  rt_cmsis.o(i.osKernelStart)
    i.osMessageGet                           0x08000b88   Section        0  rt_cmsis.o(i.osMessageGet)
    i.osSignalSet                            0x08000bcc   Section        0  rt_cmsis.o(i.osSignalSet)
    i.osSignalWait                           0x08000c00   Section        0  rt_cmsis.o(i.osSignalWait)
    i.osThreadCreate                         0x08000c18   Section        0  rt_cmsis.o(i.osThreadCreate)
    i.osThreadExit                           0x08000c48   Section        0  rt_cmsis.o(i.osThreadExit)
    i.osTimerCall                            0x08000c60   Section        0  rt_cmsis.o(i.osTimerCall)
    i.osTimerThread                          0x08000c6c   Section        0  rt_cmsis.o(i.osTimerThread)
    i.os_tick_init                           0x08000c98   Section        0  rt_system.o(i.os_tick_init)
    i.os_tick_irqack                         0x08000cc0   Section        0  rt_system.o(i.os_tick_irqack)
    i.rt_alloc_box                           0x08000cc2   Section        0  rt_membox.o(i.rt_alloc_box)
    i.rt_alloc_mem                           0x08000cdc   Section        0  rt_memory.o(i.rt_alloc_mem)
    i.rt_block                               0x08000d18   Section        0  rt_task.o(i.rt_block)
    i.rt_chk_robin                           0x08000d50   Section        0  rt_robin.o(i.rt_chk_robin)
    i.rt_dec_dly                             0x08000d98   Section        0  rt_list.o(i.rt_dec_dly)
    i.rt_dispatch                            0x08000e08   Section        0  rt_task.o(i.rt_dispatch)
    i.rt_dly_wait                            0x08000e4c   Section        0  rt_time.o(i.rt_dly_wait)
    i.rt_evt_psh                             0x08000e54   Section        0  rt_event.o(i.rt_evt_psh)
    i.rt_evt_set                             0x08000ea4   Section        0  rt_event.o(i.rt_evt_set)
    i.rt_evt_wait                            0x08000f00   Section        0  rt_event.o(i.rt_evt_wait)
    i.rt_free_box                            0x08000f3c   Section        0  rt_membox.o(i.rt_free_box)
    i.rt_free_mem                            0x08000f5c   Section        0  rt_memory.o(i.rt_free_mem)
    i.rt_get_first                           0x08000f84   Section        0  rt_list.o(i.rt_get_first)
    i.rt_id2obj                              0x08000fac   Section        0  rt_cmsis.o(i.rt_id2obj)
    rt_id2obj                                0x08000fad   Thumb Code     8  rt_cmsis.o(i.rt_id2obj)
    i.rt_init_context                        0x08000fb4   Section        0  rt_task.o(i.rt_init_context)
    rt_init_context                          0x08000fb5   Thumb Code    66  rt_task.o(i.rt_init_context)
    i.rt_init_mem                            0x08000ffc   Section        0  rt_memory.o(i.rt_init_mem)
    i.rt_init_robin                          0x08001018   Section        0  rt_robin.o(i.rt_init_robin)
    i.rt_init_stack                          0x08001030   Section        0  hal_cm.o(i.rt_init_stack)
    i.rt_mbx_check                           0x08001080   Section        0  rt_mailbox.o(i.rt_mbx_check)
    i.rt_mbx_init                            0x08001088   Section        0  rt_mailbox.o(i.rt_mbx_init)
    i.rt_mbx_psh                             0x080010a4   Section        0  rt_mailbox.o(i.rt_mbx_psh)
    i.rt_mbx_wait                            0x08001194   Section        0  rt_mailbox.o(i.rt_mbx_wait)
    i.rt_ms2tick                             0x08001244   Section        0  rt_cmsis.o(i.rt_ms2tick)
    rt_ms2tick                               0x08001245   Thumb Code    50  rt_cmsis.o(i.rt_ms2tick)
    i.rt_pop_req                             0x08001280   Section        0  rt_system.o(i.rt_pop_req)
    i.rt_psh_req                             0x080012fc   Section        0  rt_system.o(i.rt_psh_req)
    i.rt_psq_enq                             0x0800131c   Section        0  rt_list.o(i.rt_psq_enq)
    i.rt_put_dly                             0x08001374   Section        0  rt_list.o(i.rt_put_dly)
    i.rt_put_prio                            0x080013bc   Section        0  rt_list.o(i.rt_put_prio)
    i.rt_put_rdy_first                       0x080013f4   Section        0  rt_list.o(i.rt_put_rdy_first)
    i.rt_resort_prio                         0x08001408   Section        0  rt_list.o(i.rt_resort_prio)
    i.rt_ret_regs                            0x0800143c   Section        0  hal_cm.o(i.rt_ret_regs)
    rt_ret_regs                              0x0800143d   Thumb Code    16  hal_cm.o(i.rt_ret_regs)
    i.rt_ret_val                             0x0800144c   Section        0  hal_cm.o(i.rt_ret_val)
    i.rt_ret_val2                            0x08001458   Section        0  hal_cm.o(i.rt_ret_val2)
    i.rt_rmv_dly                             0x08001468   Section        0  rt_list.o(i.rt_rmv_dly)
    i.rt_rmv_list                            0x08001490   Section        0  rt_list.o(i.rt_rmv_list)
    i.rt_sem_psh                             0x080014c0   Section        0  rt_semaphore.o(i.rt_sem_psh)
    i.rt_stk_check                           0x080014f4   Section        0  rt_system.o(i.rt_stk_check)
    i.rt_switch_req                          0x08001518   Section        0  rt_task.o(i.rt_switch_req)
    i.rt_sys_init                            0x08001540   Section        0  rt_task.o(i.rt_sys_init)
    i.rt_sys_start                           0x0800164c   Section        0  rt_task.o(i.rt_sys_start)
    i.rt_systick                             0x08001680   Section        0  rt_system.o(i.rt_systick)
    i.rt_tid2ptcb                            0x080016c0   Section        0  rt_cmsis.o(i.rt_tid2ptcb)
    rt_tid2ptcb                              0x080016c1   Thumb Code    18  rt_cmsis.o(i.rt_tid2ptcb)
    i.rt_timer_insert                        0x080016d4   Section        0  rt_cmsis.o(i.rt_timer_insert)
    rt_timer_insert                          0x080016d5   Thumb Code    50  rt_cmsis.o(i.rt_timer_insert)
    i.rt_tsk_create                          0x0800170c   Section        0  rt_task.o(i.rt_tsk_create)
    i.rt_tsk_delete                          0x08001790   Section        0  rt_task.o(i.rt_tsk_delete)
    i.rt_tsk_prio                            0x08001904   Section        0  rt_task.o(i.rt_tsk_prio)
    i.rt_tsk_self                            0x08001980   Section        0  rt_task.o(i.rt_tsk_self)
    i.svcDelay                               0x08001990   Section        0  rt_cmsis.o(i.svcDelay)
    i.svcKernelInitialize                    0x080019a4   Section        0  rt_cmsis.o(i.svcKernelInitialize)
    i.svcKernelStart                         0x08001a14   Section        0  rt_cmsis.o(i.svcKernelStart)
    i.svcMessageCreate                       0x08001a5c   Section        0  rt_cmsis.o(i.svcMessageCreate)
    i.svcMessageGet                          0x08001a80   Section        0  rt_cmsis.o(i.svcMessageGet)
    i.svcSignalSet                           0x08001aba   Section        0  rt_cmsis.o(i.svcSignalSet)
    i.svcSignalWait                          0x08001ae0   Section        0  rt_cmsis.o(i.svcSignalWait)
    i.svcThreadCreate                        0x08001b34   Section        0  rt_cmsis.o(i.svcThreadCreate)
    i.svcThreadGetId                         0x08001ba4   Section        0  rt_cmsis.o(i.svcThreadGetId)
    i.svcThreadTerminate                     0x08001bc0   Section        0  rt_cmsis.o(i.svcThreadTerminate)
    i.svcTimerCall                           0x08001bf8   Section        0  rt_cmsis.o(i.svcTimerCall)
    i.sysTimerTick                           0x08001c10   Section        0  rt_cmsis.o(i.sysTimerTick)
    .constdata                               0x08001c64   Section       32  blinky.o(.constdata)
    .constdata                               0x08001c84   Section       32  led.o(.constdata)
    .constdata                               0x08001ca4   Section       86  rtx_conf_cm.o(.constdata)
    __tagsym$$used                           0x08001cc0   Number         0  rtx_conf_cm.o(.constdata)
    __tagsym$$used                           0x08001cc4   Number         0  rtx_conf_cm.o(.constdata)
    __tagsym$$used                           0x08001cc8   Number         0  rtx_conf_cm.o(.constdata)
    __tagsym$$used                           0x08001ccc   Number         0  rtx_conf_cm.o(.constdata)
    .data                                    0x20000000   Section        8  blinky.o(.data)
    .data                                    0x20000008   Section       32  rtx_conf_cm.o(.data)
    .data                                    0x20000028   Section       20  system_stm32f4xx.o(.data)
    .data                                    0x2000003c   Section        8  rt_cmsis.o(.data)
    .data                                    0x20000044   Section        8  rt_task.o(.data)
    .data                                    0x2000004c   Section        8  rt_system.o(.data)
    os_lock                                  0x2000004c   Data           1  rt_system.o(.data)
    os_psh_flag                              0x2000004d   Data           1  rt_system.o(.data)
    pend_flags                               0x2000004e   Data           1  rt_system.o(.data)
    .data                                    0x20000054   Section        4  rt_time.o(.data)
    .data                                    0x20000058   Section        1  hal_cm.o(.data)
    .data                                    0x2000005c   Section        8  rt_robin.o(.data)
    .bss                                     0x20000068   Section     1704  rtx_conf_cm.o(.bss)
    .bss                                     0x20000710   Section       52  rt_task.o(.bss)
    .bss                                     0x20000744   Section       48  rt_list.o(.bss)
    STACK                                    0x20000778   Section     1024  startup_stm32f40_41xxx.o(STACK)

    Global Symbols

    Symbol Name                              Value     Ov Type        Size  Object(Section)

    BuildAttributes$$THM_ISAv4$E$P$D$K$B$S$7EM$VFPi3$EXTD16$VFPS$VFMA$PE$A:L22UL41UL21$X:L11$S22US41US21$IEEE1$IW$USESV6$~STKCKD$USESV7$~SHL$OSPACE$EBA8$MICROLIB$REQ8$PRES8$EABIv2 0x00000000   Number         0  anon$$obj.o ABSOLUTE
    __ARM_use_no_argv                        0x00000000   Number         0  blinky.o ABSOLUTE
    __cpp_initialize__aeabi_                  - Undefined Weak Reference
    __cxa_finalize                            - Undefined Weak Reference
    __decompress                              - Undefined Weak Reference
    _clock_init                               - Undefined Weak Reference
    _microlib_exit                            - Undefined Weak Reference
    __Vectors_Size                           0x00000188   Number         0  startup_stm32f40_41xxx.o ABSOLUTE
    __RL_RTX_VER                             0x00000473   Number         0  rt_system.o ABSOLUTE
    __Vectors                                0x08000000   Data           4  startup_stm32f40_41xxx.o(RESET)
    __Vectors_End                            0x08000188   Data           0  startup_stm32f40_41xxx.o(RESET)
    __main                                   0x08000189   Thumb Code     0  entry.o(.ARM.Collect$$$$00000000)
    _main_stk                                0x08000189   Thumb Code     0  entry2.o(.ARM.Collect$$$$00000001)
    _main_scatterload                        0x0800018d   Thumb Code     0  entry5.o(.ARM.Collect$$$$00000004)
    __main_after_scatterload                 0x08000191   Thumb Code     0  entry5.o(.ARM.Collect$$$$00000004)
    __rt_final_cpp                           0x08000191   Thumb Code     0  entry10a.o(.ARM.Collect$$$$0000000D)
    __rt_final_exit                          0x08000191   Thumb Code     0  entry11a.o(.ARM.Collect$$$$0000000F)
    _main_clock                              0x08000191   Thumb Code     0  entry7b.o(.ARM.Collect$$$$00000008)
    _main_cpp_init                           0x08000191   Thumb Code     0  entry8b.o(.ARM.Collect$$$$0000000A)
    _main_init                               0x08000191   Thumb Code    18  rtx_conf_cm.o(.ARM.Collect$$$$000000FF)
    rt_set_PSP                               0x080001ad   Thumb Code     6  hal_cm4.o(.emb_text)
    rt_get_PSP                               0x080001b3   Thumb Code     6  hal_cm4.o(.emb_text)
    os_set_env                               0x080001b9   Thumb Code    24  hal_cm4.o(.emb_text)
    _alloc_box                               0x080001d5   Thumb Code    28  hal_cm4.o(.emb_text)
    _free_box                                0x080001f5   Thumb Code    28  hal_cm4.o(.emb_text)
    SVC_Handler                              0x08000215   Thumb Code   148  hal_cm4.o(.emb_text)
    PendSV_Handler                           0x080002b5   Thumb Code    96  hal_cm4.o(.emb_text)
    SysTick_Handler                          0x08000319   Thumb Code     8  hal_cm4.o(.emb_text)
    OS_Tick_Handler                          0x08000321   Thumb Code    12  hal_cm4.o(.emb_text)
    ledOn                                    0x0800032d   Thumb Code    28  blinky.o(.text)
    ledOff                                   0x08000349   Thumb Code    34  blinky.o(.text)
    main                                     0x0800036b   Thumb Code    54  blinky.o(.text)
    LED_Initialize                           0x080003b1   Thumb Code    86  led.o(.text)
    LED_Uninitialize                         0x08000407   Thumb Code    42  led.o(.text)
    LED_On                                   0x08000431   Thumb Code    36  led.o(.text)
    LED_Off                                  0x08000455   Thumb Code    36  led.o(.text)
    LED_Out                                  0x08000479   Thumb Code    38  led.o(.text)
    LED_Num                                  0x0800049f   Thumb Code     4  led.o(.text)
    os_idle_demon                            0x080004a9   Thumb Code     4  rtx_conf_cm.o(.text)
    os_error                                 0x080004ad   Thumb Code    26  rtx_conf_cm.o(.text)
    SystemInit                               0x080005a5   Thumb Code    88  system_stm32f4xx.o(.text)
    SystemCoreClockUpdate                    0x080005fd   Thumb Code   174  system_stm32f4xx.o(.text)
    Reset_Handler                            0x080006d9   Thumb Code     8  startup_stm32f40_41xxx.o(.text)
    NMI_Handler                              0x080006e1   Thumb Code     2  startup_stm32f40_41xxx.o(.text)
    HardFault_Handler                        0x080006e3   Thumb Code     2  startup_stm32f40_41xxx.o(.text)
    MemManage_Handler                        0x080006e5   Thumb Code     2  startup_stm32f40_41xxx.o(.text)
    BusFault_Handler                         0x080006e7   Thumb Code     2  startup_stm32f40_41xxx.o(.text)
    UsageFault_Handler                       0x080006e9   Thumb Code     2  startup_stm32f40_41xxx.o(.text)
    DebugMon_Handler                         0x080006ed   Thumb Code     2  startup_stm32f40_41xxx.o(.text)
    ADC_IRQHandler                           0x080006f3   Thumb Code     0  startup_stm32f40_41xxx.o(.text)
    CAN1_RX0_IRQHandler                      0x080006f3   Thumb Code     0  startup_stm32f40_41xxx.o(.text)
    CAN1_RX1_IRQHandler                      0x080006f3   Thumb Code     0  startup_stm32f40_41xxx.o(.text)
    CAN1_SCE_IRQHandler                      0x080006f3   Thumb Code     0  startup_stm32f40_41xxx.o(.text)
    CAN1_TX_IRQHandler                       0x080006f3   Thumb Code     0  startup_stm32f40_41xxx.o(.text)
    CAN2_RX0_IRQHandler                      0x080006f3   Thumb Code     0  startup_stm32f40_41xxx.o(.text)
    CAN2_RX1_IRQHandler                      0x080006f3   Thumb Code     0  startup_stm32f40_41xxx.o(.text)
    CAN2_SCE_IRQHandler                      0x080006f3   Thumb Code     0  startup_stm32f40_41xxx.o(.text)
    CAN2_TX_IRQHandler                       0x080006f3   Thumb Code     0  startup_stm32f40_41xxx.o(.text)
    CRYP_IRQHandler                          0x080006f3   Thumb Code     0  startup_stm32f40_41xxx.o(.text)
    DCMI_IRQHandler                          0x080006f3   Thumb Code     0  startup_stm32f40_41xxx.o(.text)
    DMA1_Stream0_IRQHandler                  0x080006f3   Thumb Code     0  startup_stm32f40_41xxx.o(.text)
    DMA1_Stream1_IRQHandler                  0x080006f3   Thumb Code     0  startup_stm32f40_41xxx.o(.text)
    DMA1_Stream2_IRQHandler                  0x080006f3   Thumb Code     0  startup_stm32f40_41xxx.o(.text)
    DMA1_Stream3_IRQHandler                  0x080006f3   Thumb Code     0  startup_stm32f40_41xxx.o(.text)
    DMA1_Stream4_IRQHandler                  0x080006f3   Thumb Code     0  startup_stm32f40_41xxx.o(.text)
    DMA1_Stream5_IRQHandler                  0x080006f3   Thumb Code     0  startup_stm32f40_41xxx.o(.text)
    DMA1_Stream6_IRQHandler                  0x080006f3   Thumb Code     0  startup_stm32f40_41xxx.o(.text)
    DMA1_Stream7_IRQHandler                  0x080006f3   Thumb Code     0  startup_stm32f40_41xxx.o(.text)
    DMA2_Stream0_IRQHandler                  0x080006f3   Thumb Code     0  startup_stm32f40_41xxx.o(.text)
    DMA2_Stream1_IRQHandler                  0x080006f3   Thumb Code     0  startup_stm32f40_41xxx.o(.text)
    DMA2_Stream2_IRQHandler                  0x080006f3   Thumb Code     0  startup_stm32f40_41xxx.o(.text)
    DMA2_Stream3_IRQHandler                  0x080006f3   Thumb Code     0  startup_stm32f40_41xxx.o(.text)
    DMA2_Stream4_IRQHandler                  0x080006f3   Thumb Code     0  startup_stm32f40_41xxx.o(.text)
    DMA2_Stream5_IRQHandler                  0x080006f3   Thumb Code     0  startup_stm32f40_41xxx.o(.text)
    DMA2_Stream6_IRQHandler                  0x080006f3   Thumb Code     0  startup_stm32f40_41xxx.o(.text)
    DMA2_Stream7_IRQHandler                  0x080006f3   Thumb Code     0  startup_stm32f40_41xxx.o(.text)
    ETH_IRQHandler                           0x080006f3   Thumb Code     0  startup_stm32f40_41xxx.o(.text)
    ETH_WKUP_IRQHandler                      0x080006f3   Thumb Code     0  startup_stm32f40_41xxx.o(.text)
    EXTI0_IRQHandler                         0x080006f3   Thumb Code     0  startup_stm32f40_41xxx.o(.text)
    EXTI15_10_IRQHandler                     0x080006f3   Thumb Code     0  startup_stm32f40_41xxx.o(.text)
    EXTI1_IRQHandler                         0x080006f3   Thumb Code     0  startup_stm32f40_41xxx.o(.text)
    EXTI2_IRQHandler                         0x080006f3   Thumb Code     0  startup_stm32f40_41xxx.o(.text)
    EXTI3_IRQHandler                         0x080006f3   Thumb Code     0  startup_stm32f40_41xxx.o(.text)
    EXTI4_IRQHandler                         0x080006f3   Thumb Code     0  startup_stm32f40_41xxx.o(.text)
    EXTI9_5_IRQHandler                       0x080006f3   Thumb Code     0  startup_stm32f40_41xxx.o(.text)
    FLASH_IRQHandler                         0x080006f3   Thumb Code     0  startup_stm32f40_41xxx.o(.text)
    FPU_IRQHandler                           0x080006f3   Thumb Code     0  startup_stm32f40_41xxx.o(.text)
    FSMC_IRQHandler                          0x080006f3   Thumb Code     0  startup_stm32f40_41xxx.o(.text)
    HASH_RNG_IRQHandler                      0x080006f3   Thumb Code     0  startup_stm32f40_41xxx.o(.text)
    I2C1_ER_IRQHandler                       0x080006f3   Thumb Code     0  startup_stm32f40_41xxx.o(.text)
    I2C1_EV_IRQHandler                       0x080006f3   Thumb Code     0  startup_stm32f40_41xxx.o(.text)
    I2C2_ER_IRQHandler                       0x080006f3   Thumb Code     0  startup_stm32f40_41xxx.o(.text)
    I2C2_EV_IRQHandler                       0x080006f3   Thumb Code     0  startup_stm32f40_41xxx.o(.text)
    I2C3_ER_IRQHandler                       0x080006f3   Thumb Code     0  startup_stm32f40_41xxx.o(.text)
    I2C3_EV_IRQHandler                       0x080006f3   Thumb Code     0  startup_stm32f40_41xxx.o(.text)
    OTG_FS_IRQHandler                        0x080006f3   Thumb Code     0  startup_stm32f40_41xxx.o(.text)
    OTG_FS_WKUP_IRQHandler                   0x080006f3   Thumb Code     0  startup_stm32f40_41xxx.o(.text)
    OTG_HS_EP1_IN_IRQHandler                 0x080006f3   Thumb Code     0  startup_stm32f40_41xxx.o(.text)
    OTG_HS_EP1_OUT_IRQHandler                0x080006f3   Thumb Code     0  startup_stm32f40_41xxx.o(.text)
    OTG_HS_IRQHandler                        0x080006f3   Thumb Code     0  startup_stm32f40_41xxx.o(.text)
    OTG_HS_WKUP_IRQHandler                   0x080006f3   Thumb Code     0  startup_stm32f40_41xxx.o(.text)
    PVD_IRQHandler                           0x080006f3   Thumb Code     0  startup_stm32f40_41xxx.o(.text)
    RCC_IRQHandler                           0x080006f3   Thumb Code     0  startup_stm32f40_41xxx.o(.text)
    RTC_Alarm_IRQHandler                     0x080006f3   Thumb Code     0  startup_stm32f40_41xxx.o(.text)
    RTC_WKUP_IRQHandler                      0x080006f3   Thumb Code     0  startup_stm32f40_41xxx.o(.text)
    SDIO_IRQHandler                          0x080006f3   Thumb Code     0  startup_stm32f40_41xxx.o(.text)
    SPI1_IRQHandler                          0x080006f3   Thumb Code     0  startup_stm32f40_41xxx.o(.text)
    SPI2_IRQHandler                          0x080006f3   Thumb Code     0  startup_stm32f40_41xxx.o(.text)
    SPI3_IRQHandler                          0x080006f3   Thumb Code     0  startup_stm32f40_41xxx.o(.text)
    TAMP_STAMP_IRQHandler                    0x080006f3   Thumb Code     0  startup_stm32f40_41xxx.o(.text)
    TIM1_BRK_TIM9_IRQHandler                 0x080006f3   Thumb Code     0  startup_stm32f40_41xxx.o(.text)
    TIM1_CC_IRQHandler                       0x080006f3   Thumb Code     0  startup_stm32f40_41xxx.o(.text)
    TIM1_TRG_COM_TIM11_IRQHandler            0x080006f3   Thumb Code     0  startup_stm32f40_41xxx.o(.text)
    TIM1_UP_TIM10_IRQHandler                 0x080006f3   Thumb Code     0  startup_stm32f40_41xxx.o(.text)
    TIM2_IRQHandler                          0x080006f3   Thumb Code     0  startup_stm32f40_41xxx.o(.text)
    TIM3_IRQHandler                          0x080006f3   Thumb Code     0  startup_stm32f40_41xxx.o(.text)
    TIM4_IRQHandler                          0x080006f3   Thumb Code     0  startup_stm32f40_41xxx.o(.text)
    TIM5_IRQHandler                          0x080006f3   Thumb Code     0  startup_stm32f40_41xxx.o(.text)
    TIM6_DAC_IRQHandler                      0x080006f3   Thumb Code     0  startup_stm32f40_41xxx.o(.text)
    TIM7_IRQHandler                          0x080006f3   Thumb Code     0  startup_stm32f40_41xxx.o(.text)
    TIM8_BRK_TIM12_IRQHandler                0x080006f3   Thumb Code     0  startup_stm32f40_41xxx.o(.text)
    TIM8_CC_IRQHandler                       0x080006f3   Thumb Code     0  startup_stm32f40_41xxx.o(.text)
    TIM8_TRG_COM_TIM14_IRQHandler            0x080006f3   Thumb Code     0  startup_stm32f40_41xxx.o(.text)
    TIM8_UP_TIM13_IRQHandler                 0x080006f3   Thumb Code     0  startup_stm32f40_41xxx.o(.text)
    UART4_IRQHandler                         0x080006f3   Thumb Code     0  startup_stm32f40_41xxx.o(.text)
    UART5_IRQHandler                         0x080006f3   Thumb Code     0  startup_stm32f40_41xxx.o(.text)
    USART1_IRQHandler                        0x080006f3   Thumb Code     0  startup_stm32f40_41xxx.o(.text)
    USART2_IRQHandler                        0x080006f3   Thumb Code     0  startup_stm32f40_41xxx.o(.text)
    USART3_IRQHandler                        0x080006f3   Thumb Code     0  startup_stm32f40_41xxx.o(.text)
    USART6_IRQHandler                        0x080006f3   Thumb Code     0  startup_stm32f40_41xxx.o(.text)
    WWDG_IRQHandler                          0x080006f3   Thumb Code     0  startup_stm32f40_41xxx.o(.text)
    GPIO_PortClock                           0x080006fd   Thumb Code   364  gpio_stm32f4xx.o(.text)
    GPIO_PinConfigure                        0x08000869   Thumb Code   110  gpio_stm32f4xx.o(.text)
    GPIO_PinAF                               0x080008d7   Thumb Code    64  gpio_stm32f4xx.o(.text)
    __scatterload                            0x08000941   Thumb Code    28  init.o(.text)
    __scatterload_rt2                        0x08000941   Thumb Code     0  init.o(.text)
    SVC_Count                                0x08000964   Data           4  svc_table.o(SVC_TABLE)
    SVC_Table                                0x08000968   Data           0  svc_table.o(SVC_TABLE)
    __scatterload_copy                       0x08000969   Thumb Code    14  handlers.o(i.__scatterload_copy)
    __scatterload_null                       0x08000977   Thumb Code     2  handlers.o(i.__scatterload_null)
    __scatterload_zeroinit                   0x08000979   Thumb Code    14  handlers.o(i.__scatterload_zeroinit)
    _init_box                                0x08000987   Thumb Code    70  rt_membox.o(i._init_box)
    dbg_init                                 0x080009cd   Thumb Code    34  hal_cm.o(i.dbg_init)
    dbg_task_notify                          0x080009fd   Thumb Code    32  hal_cm.o(i.dbg_task_notify)
    dbg_task_switch                          0x08000a1d   Thumb Code    16  hal_cm.o(i.dbg_task_switch)
    isr_evt_set                              0x08000a59   Thumb Code    34  rt_event.o(i.isr_evt_set)
    isr_mbx_receive                          0x08000a81   Thumb Code    80  rt_mailbox.o(i.isr_mbx_receive)
    isr_mbx_send                             0x08000ad1   Thumb Code    14  rt_mailbox.o(i.isr_mbx_send)
    osDelay                                  0x08000ae1   Thumb Code    18  rt_cmsis.o(i.osDelay)
    osKernelInitialize                       0x08000af9   Thumb Code    30  rt_cmsis.o(i.osKernelInitialize)
    osKernelStart                            0x08000b1d   Thumb Code    98  rt_cmsis.o(i.osKernelStart)
    osMessageGet                             0x08000b89   Thumb Code    62  rt_cmsis.o(i.osMessageGet)
    osSignalSet                              0x08000bcd   Thumb Code    48  rt_cmsis.o(i.osSignalSet)
    osSignalWait                             0x08000c01   Thumb Code    18  rt_cmsis.o(i.osSignalWait)
    osThreadCreate                           0x08000c19   Thumb Code    38  rt_cmsis.o(i.osThreadCreate)
    osThreadExit                             0x08000c49   Thumb Code    14  rt_cmsis.o(i.osThreadExit)
    osTimerCall                              0x08000c61   Thumb Code     8  rt_cmsis.o(i.osTimerCall)
    osTimerThread                            0x08000c6d   Thumb Code    38  rt_cmsis.o(i.osTimerThread)
    os_tick_init                             0x08000c99   Thumb Code    32  rt_system.o(i.os_tick_init)
    os_tick_irqack                           0x08000cc1   Thumb Code     2  rt_system.o(i.os_tick_irqack)
    rt_alloc_box                             0x08000cc3   Thumb Code    26  rt_membox.o(i.rt_alloc_box)
    rt_alloc_mem                             0x08000cdd   Thumb Code    60  rt_memory.o(i.rt_alloc_mem)
    rt_block                                 0x08000d19   Thumb Code    48  rt_task.o(i.rt_block)
    rt_chk_robin                             0x08000d51   Thumb Code    60  rt_robin.o(i.rt_chk_robin)
    rt_dec_dly                               0x08000d99   Thumb Code   102  rt_list.o(i.rt_dec_dly)
    rt_dispatch                              0x08000e09   Thumb Code    60  rt_task.o(i.rt_dispatch)
    rt_dly_wait                              0x08000e4d   Thumb Code     6  rt_time.o(i.rt_dly_wait)
    rt_evt_psh                               0x08000e55   Thumb Code    76  rt_event.o(i.rt_evt_psh)
    rt_evt_set                               0x08000ea5   Thumb Code    88  rt_event.o(i.rt_evt_set)
    rt_evt_wait                              0x08000f01   Thumb Code    56  rt_event.o(i.rt_evt_wait)
    rt_free_box                              0x08000f3d   Thumb Code    32  rt_membox.o(i.rt_free_box)
    rt_free_mem                              0x08000f5d   Thumb Code    40  rt_memory.o(i.rt_free_mem)
    rt_get_first                             0x08000f85   Thumb Code    40  rt_list.o(i.rt_get_first)
    rt_init_mem                              0x08000ffd   Thumb Code    26  rt_memory.o(i.rt_init_mem)
    rt_init_robin                            0x08001019   Thumb Code    14  rt_robin.o(i.rt_init_robin)
    rt_init_stack                            0x08001031   Thumb Code    70  hal_cm.o(i.rt_init_stack)
    rt_mbx_check                             0x08001081   Thumb Code     8  rt_mailbox.o(i.rt_mbx_check)
    rt_mbx_init                              0x08001089   Thumb Code    28  rt_mailbox.o(i.rt_mbx_init)
    rt_mbx_psh                               0x080010a5   Thumb Code   234  rt_mailbox.o(i.rt_mbx_psh)
    rt_mbx_wait                              0x08001195   Thumb Code   172  rt_mailbox.o(i.rt_mbx_wait)
    rt_pop_req                               0x08001281   Thumb Code   110  rt_system.o(i.rt_pop_req)
    rt_psh_req                               0x080012fd   Thumb Code    22  rt_system.o(i.rt_psh_req)
    rt_psq_enq                               0x0800131d   Thumb Code    82  rt_list.o(i.rt_psq_enq)
    rt_put_dly                               0x08001375   Thumb Code    68  rt_list.o(i.rt_put_dly)
    rt_put_prio                              0x080013bd   Thumb Code    54  rt_list.o(i.rt_put_prio)
    rt_put_rdy_first                         0x080013f5   Thumb Code    14  rt_list.o(i.rt_put_rdy_first)
    rt_resort_prio                           0x08001409   Thumb Code    46  rt_list.o(i.rt_resort_prio)
    rt_ret_val                               0x0800144d   Thumb Code    12  hal_cm.o(i.rt_ret_val)
    rt_ret_val2                              0x08001459   Thumb Code    16  hal_cm.o(i.rt_ret_val2)
    rt_rmv_dly                               0x08001469   Thumb Code    40  rt_list.o(i.rt_rmv_dly)
    rt_rmv_list                              0x08001491   Thumb Code    44  rt_list.o(i.rt_rmv_list)
    rt_sem_psh                               0x080014c1   Thumb Code    48  rt_semaphore.o(i.rt_sem_psh)
    rt_stk_check                             0x080014f5   Thumb Code    28  rt_system.o(i.rt_stk_check)
    rt_switch_req                            0x08001519   Thumb Code    30  rt_task.o(i.rt_switch_req)
    rt_sys_init                              0x08001541   Thumb Code   200  rt_task.o(i.rt_sys_init)
    rt_sys_start                             0x0800164d   Thumb Code    44  rt_task.o(i.rt_sys_start)
    rt_systick                               0x08001681   Thumb Code    50  rt_system.o(i.rt_systick)
    rt_tsk_create                            0x0800170d   Thumb Code   116  rt_task.o(i.rt_tsk_create)
    rt_tsk_delete                            0x08001791   Thumb Code   342  rt_task.o(i.rt_tsk_delete)
    rt_tsk_prio                              0x08001905   Thumb Code   108  rt_task.o(i.rt_tsk_prio)
    rt_tsk_self                              0x08001981   Thumb Code    12  rt_task.o(i.rt_tsk_self)
    svcDelay                                 0x08001991   Thumb Code    20  rt_cmsis.o(i.svcDelay)
    svcKernelInitialize                      0x080019a5   Thumb Code    80  rt_cmsis.o(i.svcKernelInitialize)
    svcKernelStart                           0x08001a15   Thumb Code    62  rt_cmsis.o(i.svcKernelStart)
    svcMessageCreate                         0x08001a5d   Thumb Code    36  rt_cmsis.o(i.svcMessageCreate)
    svcMessageGet                            0x08001a81   Thumb Code    58  rt_cmsis.o(i.svcMessageGet)
    svcSignalSet                             0x08001abb   Thumb Code    36  rt_cmsis.o(i.svcSignalSet)
    svcSignalWait                            0x08001ae1   Thumb Code    80  rt_cmsis.o(i.svcSignalWait)
    svcThreadCreate                          0x08001b35   Thumb Code   100  rt_cmsis.o(i.svcThreadCreate)
    svcThreadGetId                           0x08001ba5   Thumb Code    22  rt_cmsis.o(i.svcThreadGetId)
    svcThreadTerminate                       0x08001bc1   Thumb Code    50  rt_cmsis.o(i.svcThreadTerminate)
    svcTimerCall                             0x08001bf9   Thumb Code    24  rt_cmsis.o(i.svcTimerCall)
    sysTimerTick                             0x08001c11   Thumb Code    76  rt_cmsis.o(i.sysTimerTick)
    os_thread_def_ledOn                      0x08001c64   Data          16  blinky.o(.constdata)
    os_thread_def_ledOff                     0x08001c74   Data          16  blinky.o(.constdata)
    Pin_LED                                  0x08001c84   Data          32  led.o(.constdata)
    os_maxtaskrun                            0x08001ca4   Data           2  rtx_conf_cm.o(.constdata)
    os_stackinfo                             0x08001ca8   Data           4  rtx_conf_cm.o(.constdata)
    os_rrobin                                0x08001cac   Data           4  rtx_conf_cm.o(.constdata)
    os_tickfreq                              0x08001cb0   Data           4  rtx_conf_cm.o(.constdata)
    os_tickus_i                              0x08001cb4   Data           2  rtx_conf_cm.o(.constdata)
    os_tickus_f                              0x08001cb6   Data           2  rtx_conf_cm.o(.constdata)
    os_trv                                   0x08001cb8   Data           4  rtx_conf_cm.o(.constdata)
    os_flags                                 0x08001cbc   Data           1  rtx_conf_cm.o(.constdata)
    CMSIS_RTOS_API_Version                   0x08001cc0   Data           4  rtx_conf_cm.o(.constdata)
    CMSIS_RTOS_RTX_Version                   0x08001cc4   Data           4  rtx_conf_cm.o(.constdata)
    os_clockrate                             0x08001cc8   Data           4  rtx_conf_cm.o(.constdata)
    os_timernum                              0x08001ccc   Data           4  rtx_conf_cm.o(.constdata)
    mp_tcb_size                              0x08001cd0   Data           2  rtx_conf_cm.o(.constdata)
    mp_stk_size                              0x08001cd4   Data           4  rtx_conf_cm.o(.constdata)
    os_stack_sz                              0x08001cd8   Data           4  rtx_conf_cm.o(.constdata)
    os_fifo_size                             0x08001cdc   Data           1  rtx_conf_cm.o(.constdata)
    os_thread_def_osTimerThread              0x08001ce0   Data          16  rtx_conf_cm.o(.constdata)
    os_messageQ_def_osTimerMessageQ          0x08001cf0   Data           8  rtx_conf_cm.o(.constdata)
    mp_tmr_size                              0x08001cf8   Data           2  rtx_conf_cm.o(.constdata)
    Region$$Table$$Base                      0x08001cfc   Number         0  anon$$obj.o(Region$$Table)
    Region$$Table$$Limit                     0x08001d1c   Number         0  anon$$obj.o(Region$$Table)
    tid_ledOn                                0x20000000   Data           4  blinky.o(.data)
    tid_ledOff                               0x20000004   Data           4  blinky.o(.data)
    osThreadId_osTimerThread                 0x20000008   Data           4  rtx_conf_cm.o(.data)
    osMessageQId_osTimerMessageQ             0x2000000c   Data           4  rtx_conf_cm.o(.data)
    os_tmr                                   0x20000010   Data           4  rtx_conf_cm.o(.data)
    m_tmr                                    0x20000014   Data           4  rtx_conf_cm.o(.data)
    os_thread_def_main                       0x20000018   Data          16  rtx_conf_cm.o(.data)
    SystemCoreClock                          0x20000028   Data           4  system_stm32f4xx.o(.data)
    AHBPrescTable                            0x2000002c   Data          16  system_stm32f4xx.o(.data)
    os_initialized                           0x2000003c   Data           1  rt_cmsis.o(.data)
    os_running                               0x2000003d   Data           1  rt_cmsis.o(.data)
    os_timer_head                            0x20000040   Data           4  rt_cmsis.o(.data)
    os_tsk                                   0x20000044   Data           8  rt_task.o(.data)
    os_tick_irqn                             0x20000050   Data           4  rt_system.o(.data)
    os_time                                  0x20000054   Data           4  rt_time.o(.data)
    dbg_msg                                  0x20000058   Data           1  hal_cm.o(.data)
    os_robin                                 0x2000005c   Data           8  rt_robin.o(.data)
    mp_tcb                                   0x20000068   Data         272  rtx_conf_cm.o(.bss)
    mp_stk                                   0x20000178   Data         816  rtx_conf_cm.o(.bss)
    os_stack_mem                             0x200004a8   Data         432  rtx_conf_cm.o(.bss)
    os_fifo                                  0x20000658   Data         132  rtx_conf_cm.o(.bss)
    os_active_TCB                            0x200006dc   Data          20  rtx_conf_cm.o(.bss)
    os_messageQ_q_osTimerMessageQ            0x200006f0   Data          32  rtx_conf_cm.o(.bss)
    os_idle_TCB                              0x20000710   Data          52  rt_task.o(.bss)
    os_rdy                                   0x20000744   Data          24  rt_list.o(.bss)
    os_dly                                   0x2000075c   Data          24  rt_list.o(.bss)
    __initial_sp                             0x20000b78   Data           0  startup_stm32f40_41xxx.o(STACK)



==============================================================================

Memory Map of the image

  Image Entry point : 0x08000189

  Load Region LR_IROM1 (Base: 0x08000000, Size: 0x00001d80, Max: 0x00100000, ABSOLUTE)

    Execution Region ER_IROM1 (Base: 0x08000000, Size: 0x00001d1c, Max: 0x00100000, ABSOLUTE)

    Base Addr    Size         Type   Attr      Idx    E Section Name        Object

    0x08000000   0x00000188   Data   RO          180    RESET               startup_stm32f40_41xxx.o
    0x08000188   0x00000000   Code   RO         1399  * .ARM.Collect$$$$00000000  mc_w.l(entry.o)
    0x08000188   0x00000004   Code   RO         1402    .ARM.Collect$$$$00000001  mc_w.l(entry2.o)
    0x0800018c   0x00000004   Code   RO         1405    .ARM.Collect$$$$00000004  mc_w.l(entry5.o)
    0x08000190   0x00000000   Code   RO         1407    .ARM.Collect$$$$00000008  mc_w.l(entry7b.o)
    0x08000190   0x00000000   Code   RO         1409    .ARM.Collect$$$$0000000A  mc_w.l(entry8b.o)
    0x08000190   0x00000000   Code   RO         1410    .ARM.Collect$$$$0000000D  mc_w.l(entry10a.o)
    0x08000190   0x00000000   Code   RO         1412    .ARM.Collect$$$$0000000F  mc_w.l(entry11a.o)
    0x08000190   0x00000018   Code   RO          123    .ARM.Collect$$$$000000FF  rtx_conf_cm.o
    0x080001a8   0x00000004   Code   RO         1403    .ARM.Collect$$$$00002712  mc_w.l(entry2.o)
    0x080001ac   0x00000180   Code   RO         1386    .emb_text           RTX_CM4.lib(hal_cm4.o)
    0x0800032c   0x00000084   Code   RO            3    .text               blinky.o
    0x080003b0   0x000000f8   Code   RO           99    .text               led.o
    0x080004a8   0x0000001e   Code   RO          124    .text               rtx_conf_cm.o
    0x080004c6   0x00000002   PAD
    0x080004c8   0x00000210   Code   RO          154    .text               system_stm32f4xx.o
    0x080006d8   0x00000024   Code   RO          181    .text               startup_stm32f40_41xxx.o
    0x080006fc   0x00000244   Code   RO          187    .text               gpio_stm32f4xx.o
    0x08000940   0x00000024   Code   RO         1414    .text               mc_w.l(init.o)
    0x08000964   0x00000004   Code   RO         1396    SVC_TABLE           RTX_CM4.lib(svc_table.o)
    0x08000968   0x0000000e   Code   RO         1418    i.__scatterload_copy  mc_w.l(handlers.o)
    0x08000976   0x00000002   Code   RO         1419    i.__scatterload_null  mc_w.l(handlers.o)
    0x08000978   0x0000000e   Code   RO         1420    i.__scatterload_zeroinit  mc_w.l(handlers.o)
    0x08000986   0x00000046   Code   RO         1259    i._init_box         RTX_CM4.lib(rt_membox.o)
    0x080009cc   0x00000030   Code   RO         1312    i.dbg_init          RTX_CM4.lib(hal_cm.o)
    0x080009fc   0x00000020   Code   RO         1313    i.dbg_task_notify   RTX_CM4.lib(hal_cm.o)
    0x08000a1c   0x00000010   Code   RO         1314    i.dbg_task_switch   RTX_CM4.lib(hal_cm.o)
    0x08000a2c   0x0000002c   Code   RO          210    i.isrMessagePut     RTX_CM4.lib(rt_cmsis.o)
    0x08000a58   0x00000028   Code   RO          987    i.isr_evt_set       RTX_CM4.lib(rt_event.o)
    0x08000a80   0x00000050   Code   RO         1105    i.isr_mbx_receive   RTX_CM4.lib(rt_mailbox.o)
    0x08000ad0   0x0000000e   Code   RO         1106    i.isr_mbx_send      RTX_CM4.lib(rt_mailbox.o)
    0x08000ade   0x00000002   PAD
    0x08000ae0   0x00000018   Code   RO          211    i.osDelay           RTX_CM4.lib(rt_cmsis.o)
    0x08000af8   0x00000024   Code   RO          212    i.osKernelInitialize  RTX_CM4.lib(rt_cmsis.o)
    0x08000b1c   0x0000006c   Code   RO          214    i.osKernelStart     RTX_CM4.lib(rt_cmsis.o)
    0x08000b88   0x00000044   Code   RO          223    i.osMessageGet      RTX_CM4.lib(rt_cmsis.o)
    0x08000bcc   0x00000034   Code   RO          238    i.osSignalSet       RTX_CM4.lib(rt_cmsis.o)
    0x08000c00   0x00000018   Code   RO          239    i.osSignalWait      RTX_CM4.lib(rt_cmsis.o)
    0x08000c18   0x00000030   Code   RO          240    i.osThreadCreate    RTX_CM4.lib(rt_cmsis.o)
    0x08000c48   0x00000018   Code   RO          241    i.osThreadExit      RTX_CM4.lib(rt_cmsis.o)
    0x08000c60   0x0000000c   Code   RO          247    i.osTimerCall       RTX_CM4.lib(rt_cmsis.o)
    0x08000c6c   0x0000002c   Code   RO          252    i.osTimerThread     RTX_CM4.lib(rt_cmsis.o)
    0x08000c98   0x00000028   Code   RO          897    i.os_tick_init      RTX_CM4.lib(rt_system.o)
    0x08000cc0   0x00000002   Code   RO          898    i.os_tick_irqack    RTX_CM4.lib(rt_system.o)
    0x08000cc2   0x0000001a   Code   RO         1260    i.rt_alloc_box      RTX_CM4.lib(rt_membox.o)
    0x08000cdc   0x0000003c   Code   RO         1288    i.rt_alloc_mem      RTX_CM4.lib(rt_memory.o)
    0x08000d18   0x00000038   Code   RO          812    i.rt_block          RTX_CM4.lib(rt_task.o)
    0x08000d50   0x00000048   Code   RO         1365    i.rt_chk_robin      RTX_CM4.lib(rt_robin.o)
    0x08000d98   0x00000070   Code   RO         1029    i.rt_dec_dly        RTX_CM4.lib(rt_list.o)
    0x08000e08   0x00000044   Code   RO          813    i.rt_dispatch       RTX_CM4.lib(rt_task.o)
    0x08000e4c   0x00000006   Code   RO         1195    i.rt_dly_wait       RTX_CM4.lib(rt_time.o)
    0x08000e52   0x00000002   PAD
    0x08000e54   0x00000050   Code   RO          990    i.rt_evt_psh        RTX_CM4.lib(rt_event.o)
    0x08000ea4   0x0000005c   Code   RO          991    i.rt_evt_set        RTX_CM4.lib(rt_event.o)
    0x08000f00   0x0000003c   Code   RO          992    i.rt_evt_wait       RTX_CM4.lib(rt_event.o)
    0x08000f3c   0x00000020   Code   RO         1261    i.rt_free_box       RTX_CM4.lib(rt_membox.o)
    0x08000f5c   0x00000028   Code   RO         1289    i.rt_free_mem       RTX_CM4.lib(rt_memory.o)
    0x08000f84   0x00000028   Code   RO         1030    i.rt_get_first      RTX_CM4.lib(rt_list.o)
    0x08000fac   0x00000008   Code   RO          257    i.rt_id2obj         RTX_CM4.lib(rt_cmsis.o)
    0x08000fb4   0x00000048   Code   RO          814    i.rt_init_context   RTX_CM4.lib(rt_task.o)
    0x08000ffc   0x0000001a   Code   RO         1290    i.rt_init_mem       RTX_CM4.lib(rt_memory.o)
    0x08001016   0x00000002   PAD
    0x08001018   0x00000018   Code   RO         1366    i.rt_init_robin     RTX_CM4.lib(rt_robin.o)
    0x08001030   0x00000050   Code   RO         1315    i.rt_init_stack     RTX_CM4.lib(hal_cm.o)
    0x08001080   0x00000008   Code   RO         1107    i.rt_mbx_check      RTX_CM4.lib(rt_mailbox.o)
    0x08001088   0x0000001c   Code   RO         1108    i.rt_mbx_init       RTX_CM4.lib(rt_mailbox.o)
    0x080010a4   0x000000f0   Code   RO         1109    i.rt_mbx_psh        RTX_CM4.lib(rt_mailbox.o)
    0x08001194   0x000000b0   Code   RO         1111    i.rt_mbx_wait       RTX_CM4.lib(rt_mailbox.o)
    0x08001244   0x0000003c   Code   RO          258    i.rt_ms2tick        RTX_CM4.lib(rt_cmsis.o)
    0x08001280   0x0000007c   Code   RO          901    i.rt_pop_req        RTX_CM4.lib(rt_system.o)
    0x080012fc   0x00000020   Code   RO          902    i.rt_psh_req        RTX_CM4.lib(rt_system.o)
    0x0800131c   0x00000058   Code   RO         1032    i.rt_psq_enq        RTX_CM4.lib(rt_list.o)
    0x08001374   0x00000048   Code   RO         1033    i.rt_put_dly        RTX_CM4.lib(rt_list.o)
    0x080013bc   0x00000036   Code   RO         1034    i.rt_put_prio       RTX_CM4.lib(rt_list.o)
    0x080013f2   0x00000002   PAD
    0x080013f4   0x00000014   Code   RO         1035    i.rt_put_rdy_first  RTX_CM4.lib(rt_list.o)
    0x08001408   0x00000034   Code   RO         1036    i.rt_resort_prio    RTX_CM4.lib(rt_list.o)
    0x0800143c   0x00000010   Code   RO         1316    i.rt_ret_regs       RTX_CM4.lib(hal_cm.o)
    0x0800144c   0x0000000c   Code   RO         1317    i.rt_ret_val        RTX_CM4.lib(hal_cm.o)
    0x08001458   0x00000010   Code   RO         1318    i.rt_ret_val2       RTX_CM4.lib(hal_cm.o)
    0x08001468   0x00000028   Code   RO         1037    i.rt_rmv_dly        RTX_CM4.lib(rt_list.o)
    0x08001490   0x00000030   Code   RO         1038    i.rt_rmv_list       RTX_CM4.lib(rt_list.o)
    0x080014c0   0x00000034   Code   RO         1156    i.rt_sem_psh        RTX_CM4.lib(rt_semaphore.o)
    0x080014f4   0x00000024   Code   RO          904    i.rt_stk_check      RTX_CM4.lib(rt_system.o)
    0x08001518   0x00000028   Code   RO          815    i.rt_switch_req     RTX_CM4.lib(rt_task.o)
    0x08001540   0x0000010c   Code   RO          816    i.rt_sys_init       RTX_CM4.lib(rt_task.o)
    0x0800164c   0x00000034   Code   RO          817    i.rt_sys_start      RTX_CM4.lib(rt_task.o)
    0x08001680   0x00000040   Code   RO          906    i.rt_systick        RTX_CM4.lib(rt_system.o)
    0x080016c0   0x00000012   Code   RO          259    i.rt_tid2ptcb       RTX_CM4.lib(rt_cmsis.o)
    0x080016d2   0x00000002   PAD
    0x080016d4   0x00000038   Code   RO          260    i.rt_timer_insert   RTX_CM4.lib(rt_cmsis.o)
    0x0800170c   0x00000084   Code   RO          818    i.rt_tsk_create     RTX_CM4.lib(rt_task.o)
    0x08001790   0x00000174   Code   RO          819    i.rt_tsk_delete     RTX_CM4.lib(rt_task.o)
    0x08001904   0x0000007c   Code   RO          821    i.rt_tsk_prio       RTX_CM4.lib(rt_task.o)
    0x08001980   0x00000010   Code   RO          822    i.rt_tsk_self       RTX_CM4.lib(rt_task.o)
    0x08001990   0x00000014   Code   RO          262    i.svcDelay          RTX_CM4.lib(rt_cmsis.o)
    0x080019a4   0x00000070   Code   RO          263    i.svcKernelInitialize  RTX_CM4.lib(rt_cmsis.o)
    0x08001a14   0x00000048   Code   RO          265    i.svcKernelStart    RTX_CM4.lib(rt_cmsis.o)
    0x08001a5c   0x00000024   Code   RO          268    i.svcMessageCreate  RTX_CM4.lib(rt_cmsis.o)
    0x08001a80   0x0000003a   Code   RO          269    i.svcMessageGet     RTX_CM4.lib(rt_cmsis.o)
    0x08001aba   0x00000024   Code   RO          281    i.svcSignalSet      RTX_CM4.lib(rt_cmsis.o)
    0x08001ade   0x00000002   PAD
    0x08001ae0   0x00000054   Code   RO          282    i.svcSignalWait     RTX_CM4.lib(rt_cmsis.o)
    0x08001b34   0x00000070   Code   RO          283    i.svcThreadCreate   RTX_CM4.lib(rt_cmsis.o)
    0x08001ba4   0x0000001c   Code   RO          284    i.svcThreadGetId    RTX_CM4.lib(rt_cmsis.o)
    0x08001bc0   0x00000038   Code   RO          287    i.svcThreadTerminate  RTX_CM4.lib(rt_cmsis.o)
    0x08001bf8   0x00000018   Code   RO          289    i.svcTimerCall      RTX_CM4.lib(rt_cmsis.o)
    0x08001c10   0x00000054   Code   RO          298    i.sysTimerTick      RTX_CM4.lib(rt_cmsis.o)
    0x08001c64   0x00000020   Data   RO            4    .constdata          blinky.o
    0x08001c84   0x00000020   Data   RO          100    .constdata          led.o
    0x08001ca4   0x00000056   Data   RO          126    .constdata          rtx_conf_cm.o
    0x08001cfa   0x00000002   PAD
    0x08001cfc   0x00000020   Data   RO         1416    Region$$Table       anon$$obj.o


    Execution Region RW_IRAM1 (Base: 0x20000000, Size: 0x00000b78, Max: 0x00020000, ABSOLUTE)

    Base Addr    Size         Type   Attr      Idx    E Section Name        Object

    0x20000000   0x00000008   Data   RW            5    .data               blinky.o
    0x20000008   0x00000020   Data   RW          127    .data               rtx_conf_cm.o
    0x20000028   0x00000014   Data   RW          155    .data               system_stm32f4xx.o
    0x2000003c   0x00000008   Data   RW          301    .data               RTX_CM4.lib(rt_cmsis.o)
    0x20000044   0x00000008   Data   RW          824    .data               RTX_CM4.lib(rt_task.o)
    0x2000004c   0x00000008   Data   RW          909    .data               RTX_CM4.lib(rt_system.o)
    0x20000054   0x00000004   Data   RW         1199    .data               RTX_CM4.lib(rt_time.o)
    0x20000058   0x00000001   Data   RW         1319    .data               RTX_CM4.lib(hal_cm.o)
    0x20000059   0x00000003   PAD
    0x2000005c   0x00000008   Data   RW         1367    .data               RTX_CM4.lib(rt_robin.o)
    0x20000064   0x00000004   PAD
    0x20000068   0x000006a8   Zero   RW          125    .bss                rtx_conf_cm.o
    0x20000710   0x00000034   Zero   RW          823    .bss                RTX_CM4.lib(rt_task.o)
    0x20000744   0x00000030   Zero   RW         1039    .bss                RTX_CM4.lib(rt_list.o)
    0x20000774   0x00000004   PAD
    0x20000778   0x00000400   Zero   RW          178    STACK               startup_stm32f40_41xxx.o


==============================================================================

Image component sizes


      Code (inc. data)   RO Data    RW Data    ZI Data      Debug   Object Name

       132         16         32          8          0       9866   blinky.o
       580         42          0          0          0       3826   gpio_stm32f4xx.o
         0          0          0          0          0     244876   keyboard.o
       248          6         32          0          0       4679   led.o
        54          6         86         32       1704       7378   rtx_conf_cm.o
        36          8        392          0       1024        880   startup_stm32f40_41xxx.o
       528         46          0         20          0       2015   system_stm32f4xx.o

    ----------------------------------------------------------------------
      1580        124        576         60       2728     273520   Object Totals
         0          0         32          0          0          0   (incl. Generated)
         2          0          2          0          0          0   (incl. Padding)

    ----------------------------------------------------------------------

      Code (inc. data)   RO Data    RW Data    ZI Data      Debug   Library Member Name

       220         24          0          1          0       3528   hal_cm.o
       384         28          0          0          0        728   hal_cm4.o
      1348        162          0          8          0      30975   rt_cmsis.o
       272         18          0          0          0       2230   rt_event.o
       526         36          0          0         48       7069   rt_list.o
       546         10          0          0          0       3285   rt_mailbox.o
       128          0          0          0          0       1621   rt_membox.o
       126          0          0          0          0       1935   rt_memory.o
        96         22          0          8          0       1050   rt_robin.o
        52          4          0          0          0        497   rt_semaphore.o
       298         54          0          8          0       5667   rt_system.o
      1200        174          0          8         52       8409   rt_task.o
         6          0          0          4          0        548   rt_time.o
         4          4          0          0          0        132   svc_table.o
         0          0          0          0          0          0   entry.o
         0          0          0          0          0          0   entry10a.o
         0          0          0          0          0          0   entry11a.o
         8          4          0          0          0          0   entry2.o
         4          0          0          0          0          0   entry5.o
         0          0          0          0          0          0   entry7b.o
         0          0          0          0          0          0   entry8b.o
        30          0          0          0          0          0   handlers.o
        36          8          0          0          0         68   init.o

    ----------------------------------------------------------------------
      5296        548          0         40        108      67742   Library Totals
        12          0          0          3          8          0   (incl. Padding)

    ----------------------------------------------------------------------

      Code (inc. data)   RO Data    RW Data    ZI Data      Debug   Library Name

      5206        536          0         37        100      67674   RTX_CM4.lib
        78         12          0          0          0         68   mc_w.l

    ----------------------------------------------------------------------
      5296        548          0         40        108      67742   Library Totals

    ----------------------------------------------------------------------

==============================================================================


      Code (inc. data)   RO Data    RW Data    ZI Data      Debug   

      6876        672        576        100       2836     333266   Grand Totals
      6876        672        576        100       2836     333266   ELF Image Totals
      6876        672        576        100          0          0   ROM Totals

==============================================================================

    Total RO  Size (Code + RO Data)                 7452 (   7.28kB)
    Total RW  Size (RW Data + ZI Data)              2936 (   2.87kB)
    Total ROM Size (Code + RO Data + RW Data)       7552 (   7.38kB)

==============================================================================

